frame   0  total   695.9 ms  preprocess 248  inference 278  projection 117  fusion 49  publish 4
frame   1  total    31.2 ms  preprocess 8  inference 3  projection 5  fusion 11  publish 4
frame   2  total    29.1 ms  preprocess 7  inference 3  projection 5  fusion 10  publish 4
frame   3  total    29.8 ms  preprocess 6  inference 3  projection 5  fusion 12  publish 4
frame   4  total    28.9 ms  preprocess 7  inference 3  projection 5  fusion 11  publish 4
frame   5  total    30.3 ms  preprocess 7  inference 3  projection 6  fusion 11  publish 4
frame   6  total    31.0 ms  preprocess 9  inference 3  projection 5  fusion 10  publish 4
frame   7  total    28.6 ms  preprocess 6  inference 3  projection 5  fusion 10  publish 4
frame   8  total    29.1 ms  preprocess 6  inference 3  projection 5  fusion 11  publish 4
frame   9  total    30.4 ms  preprocess 6  inference 3  projection 5  fusion 12  publish 4
frame  10  total    29.9 ms  preprocess 7  inference 3  projection 5  fusion 10  publish 4
frame  11  total    29.6 ms  preprocess 7  inference 3  projection 5  fusion 11  publish 4
frame  12  total    29.4 ms  preprocess 6  inference 3  projection 5  fusion 10  publish 5
frame  13  total    29.2 ms  preprocess 7  inference 3  projection 5  fusion 10  publish 4
frame  14  total    28.9 ms  preprocess 6  inference 3  projection 5  fusion 10  publish 4
frame  15  total    29.8 ms  preprocess 7  inference 3  projection 5  fusion 11  publish 4
frame  16  total    29.4 ms  preprocess 7  inference 3  projection 5  fusion 10  publish 4
frame  17  total    29.5 ms  preprocess 6  inference 3  projection 5  fusion 11  publish 4
frame  18  total    29.0 ms  preprocess 7  inference 3  projection 5  fusion 10  publish 4
frame  19  total    29.3 ms  preprocess 6  inference 3  projection 5  fusion 11  publish 4
frame  20  total    29.6 ms  preprocess 7  inference 3  projection 5  fusion 11  publish 4
frame  21  total    31.1 ms  preprocess 7  inference 3  projection 5  fusion 12  publish 4
frame  22  total    29.0 ms  preprocess 6  inference 3  projection 5  fusion 10  publish 4
frame  23  total    30.5 ms  preprocess 7  inference 3  projection 5  fusion 11  publish 4
frame  24  total    41.7 ms  preprocess 9  inference 4  projection 7  fusion 17  publish 5
frame  25  total    29.4 ms  preprocess 7  inference 3  projection 5  fusion 10  publish 4
frame  26  total    29.8 ms  preprocess 7  inference 3  projection 5  fusion 10  publish 4
frame  27  total    30.8 ms  preprocess 7  inference 3  projection 5  fusion 11  publish 4
frame  28  total    29.9 ms  preprocess 7  inference 3  projection 5  fusion 11  publish 4
frame  29  total    29.1 ms  preprocess 7  inference 3  projection 5  fusion 11  publish 4
frame  30  total    29.9 ms  preprocess 7  inference 3  projection 5  fusion 11  publish 4
frame  31  total    30.9 ms  preprocess 7  inference 3  projection 6  fusion 11  publish 4
frame  32  total    29.2 ms  preprocess 7  inference 3  projection 5  fusion 10  publish 4
frame  33  total    29.8 ms  preprocess 7  inference 3  projection 5  fusion 11  publish 4
frame  34  total    28.6 ms  preprocess 6  inference 3  projection 5  fusion 10  publish 4
frame  35  total    29.6 ms  preprocess 7  inference 3  projection 6  fusion 10  publish 4
frame  36  total    29.3 ms  preprocess 6  inference 3  projection 6  fusion 10  publish 4
frame  37  total    30.1 ms  preprocess 7  inference 3  projection 5  fusion 11  publish 4
frame  38  total    29.8 ms  preprocess 7  inference 3  projection 5  fusion 11  publish 4
frame  39  total    29.2 ms  preprocess 6  inference 3  projection 5  fusion 11  publish 4
{
  "dataset": "nuscenes",
  "source": "nuScenes scene-0103 \u00b7 32-beam Lidar \u00b7 labelled keyframes at 2 Hz",
  "sensor_rows": 32,
  "hz": 2.0,
  "profile": "spec",
  "hardware": "Tesla T4 GPU (FP16 inference) + GPU grid engine",
  "grid_engine": "torch",
  "features_engine": "torch",
  "export_mode": "after",
  "frames": 40,
  "latency_ms": {
    "p50": 29.555,
    "p95": 31.043,
    "p99": 37.74430000000003,
    "mean": 29.960526315789473
  },
  "fps": 33.377250768555115,
  "grid_only_ms": 16.129736842105263,
  "uniform5_grid_ms": 3691.16726466685,
  "stages_ms": {
    "preprocess": 6.781842105263159,
    "inference": 3.003421052631579,
    "projection": 5.295263157894738,
    "fusion": 10.834473684210526,
    "publish": 4.045526315789473
  },
  "export_ms": 141.0013157894737,
  "memory_bytes": {
    "foveated_spec": 5120000,
    "foveated_graded": 9120000,
    "uniform_50cm_2.5d": 2560000,
    "uniform_5cm_2.5d": 256000000,
    "occupancy_2d_5cm": 16000000,
    "dense_voxel_5cm": 5120000000,
    "sparse_voxel_5cm_one_sweep": 219850,
    "raw_sweep": 414368
  },
  "memory_saving_vs_uniform5": 50.0,
  "cells": {
    "foveated_spec": 320000,
    "uniform_5cm": 16000000
  },
  "tiers": [
    {
      "cell": 0.05,
      "half": 10.0,
      "n": 400
    },
    {
      "cell": 0.5,
      "half": 100.0,
      "n": 400
    }
  ],
  "classes": [
    "drivable surface",
    "sidewalk / other flat",
    "(unused)",
    "terrain",
    "vegetation",
    "manmade / static",
    "barrier / cone",
    "vehicle",
    "person"
  ],
  "active_classes": [
    true,
    true,
    false,
    true,
    true,
    true,
    true,
    true,
    true
  ],
  "bands": [
    "0\u201310 m",
    "10\u201325 m",
    "25\u201350 m",
    "50\u2013100 m"
  ],
  "point_miou_by_band": [
    0.4484570699179304,
    0.435445209134325,
    0.30818849241972857,
    0.15434005179086097
  ],
  "grid_miou_by_band": [
    0.4511647626590224,
    0.42542677067539525,
    0.29059721062878763,
    0.15301165901485314
  ],
  "point_miou": 0.44483766826388316,
  "drivable_iou_grid_0_10": 0.9403449008547126,
  "drivable_iou_points_0_10": 0.9504919983596104,
  "moving_iou_by_band": [
    0.4658800393313668,
    0.3281573498964803,
    0.1429047301798801,
    0.11282051282051282
  ],
  "moving_iou": 0.3749719596218555,
  "curb_recall_10m": null,
  "pothole_recall_10m": null,
  "points_lost": 0,
  "nesting_ok": true
}
