frame   0  total 10303.2 ms  preprocess 586  inference 2198  projection 237  fusion 7251  publish 5  objects 26
frame   1  total    55.3 ms  preprocess 14  inference 8  projection 8  fusion 15  publish 3  objects 6
frame   2  total    46.5 ms  preprocess 12  inference 8  projection 7  fusion 12  publish 2  objects 6
frame   3  total    48.8 ms  preprocess 12  inference 8  projection 9  fusion 12  publish 2  objects 7
frame   4  total    43.1 ms  preprocess 10  inference 7  projection 6  fusion 9  publish 2  objects 8
frame   5  total    40.3 ms  preprocess 10  inference 7  projection 6  fusion 9  publish 2  objects 6
frame   6  total    39.8 ms  preprocess 9  inference 7  projection 6  fusion 9  publish 2  objects 7
frame   7  total    40.7 ms  preprocess 10  inference 7  projection 6  fusion 9  publish 2  objects 7
frame   8  total    41.2 ms  preprocess 10  inference 7  projection 6  fusion 9  publish 2  objects 6
frame   9  total    41.4 ms  preprocess 10  inference 7  projection 6  fusion 10  publish 2  objects 7
frame  10  total    41.6 ms  preprocess 10  inference 8  projection 7  fusion 9  publish 2  objects 6
frame  11  total    34.8 ms  preprocess 8  inference 7  projection 7  fusion 7  publish 2  objects 4
frame  12  total    32.9 ms  preprocess 9  inference 7  projection 5  fusion 7  publish 2  objects 3
frame  13  total    31.1 ms  preprocess 8  inference 7  projection 5  fusion 7  publish 1  objects 3
frame  14  total    31.9 ms  preprocess 8  inference 7  projection 5  fusion 7  publish 2  objects 3
frame  15  total    32.0 ms  preprocess 8  inference 7  projection 5  fusion 7  publish 2  objects 3
frame  16  total    32.5 ms  preprocess 8  inference 7  projection 5  fusion 7  publish 2  objects 4
frame  17  total    35.6 ms  preprocess 11  inference 8  projection 5  fusion 7  publish 2  objects 3
frame  18  total    31.6 ms  preprocess 8  inference 7  projection 5  fusion 7  publish 2  objects 3
frame  19  total    32.4 ms  preprocess 8  inference 7  projection 5  fusion 7  publish 2  objects 3
frame  20  total    35.3 ms  preprocess 9  inference 7  projection 5  fusion 8  publish 3  objects 4
frame  21  total    34.3 ms  preprocess 9  inference 7  projection 5  fusion 8  publish 2  objects 3
frame  22  total    32.4 ms  preprocess 8  inference 7  projection 5  fusion 7  publish 2  objects 3
frame  23  total    32.0 ms  preprocess 8  inference 7  projection 5  fusion 7  publish 2  objects 3
frame  24  total    32.9 ms  preprocess 8  inference 7  projection 5  fusion 7  publish 2  objects 3
frame  25  total    32.3 ms  preprocess 8  inference 7  projection 5  fusion 7  publish 2  objects 3
frame  26  total    32.2 ms  preprocess 8  inference 7  projection 5  fusion 7  publish 2  objects 3
frame  27  total    31.6 ms  preprocess 8  inference 7  projection 5  fusion 7  publish 2  objects 2
frame  28  total    32.8 ms  preprocess 8  inference 7  projection 5  fusion 7  publish 2  objects 3
frame  29  total    31.9 ms  preprocess 8  inference 7  projection 5  fusion 7  publish 2  objects 3
frame  30  total    32.5 ms  preprocess 8  inference 7  projection 5  fusion 7  publish 2  objects 3
frame  31  total    31.4 ms  preprocess 8  inference 7  projection 5  fusion 7  publish 2  objects 3
frame  32  total    40.4 ms  preprocess 8  inference 7  projection 7  fusion 11  publish 2  objects 5
frame  33  total    44.1 ms  preprocess 13  inference 8  projection 7  fusion 10  publish 2  objects 4
frame  34  total    41.7 ms  preprocess 12  inference 8  projection 7  fusion 9  publish 2  objects 5
frame  35  total    38.5 ms  preprocess 10  inference 7  projection 6  fusion 9  publish 2  objects 4
frame  36  total    48.3 ms  preprocess 18  inference 7  projection 6  fusion 9  publish 2  objects 5
frame  37  total    38.2 ms  preprocess 9  inference 8  projection 6  fusion 9  publish 2  objects 5
frame  38  total    45.4 ms  preprocess 12  inference 8  projection 9  fusion 11  publish 2  objects 4
frame  39  total    38.4 ms  preprocess 10  inference 7  projection 6  fusion 9  publish 2  objects 4
frame  40  total    39.6 ms  preprocess 10  inference 7  projection 6  fusion 9  publish 2  objects 5
frame  41  total    41.0 ms  preprocess 9  inference 7  projection 6  fusion 10  publish 2  objects 6
frame  42  total    39.1 ms  preprocess 9  inference 7  projection 6  fusion 9  publish 2  objects 6
frame  43  total    64.3 ms  preprocess 14  inference 9  projection 10  fusion 17  publish 6  objects 8
frame  44  total    42.9 ms  preprocess 9  inference 7  projection 6  fusion 11  publish 2  objects 7
frame  45  total    44.8 ms  preprocess 11  inference 8  projection 7  fusion 11  publish 2  objects 5
frame  46  total    44.2 ms  preprocess 11  inference 7  projection 7  fusion 11  publish 2  objects 5
frame  47  total    31.9 ms  preprocess 8  inference 7  projection 5  fusion 7  publish 2  objects 3
frame  48  total    34.9 ms  preprocess 8  inference 7  projection 5  fusion 7  publish 4  objects 4
frame  49  total    31.6 ms  preprocess 8  inference 7  projection 5  fusion 7  publish 2  objects 3
frame  50  total    31.8 ms  preprocess 8  inference 7  projection 5  fusion 7  publish 2  objects 3
frame  51  total    35.5 ms  preprocess 8  inference 7  projection 6  fusion 9  publish 2  objects 4
frame  52  total    33.3 ms  preprocess 8  inference 7  projection 5  fusion 7  publish 3  objects 3
frame  53  total    32.9 ms  preprocess 8  inference 7  projection 6  fusion 7  publish 2  objects 3
frame  54  total    32.5 ms  preprocess 9  inference 7  projection 5  fusion 7  publish 2  objects 3
frame  55  total    34.4 ms  preprocess 8  inference 7  projection 5  fusion 8  publish 2  objects 4
frame  56  total    32.8 ms  preprocess 8  inference 7  projection 5  fusion 7  publish 2  objects 4
frame  57  total    34.2 ms  preprocess 9  inference 7  projection 5  fusion 7  publish 3  objects 3
frame  58  total    33.7 ms  preprocess 8  inference 7  projection 5  fusion 7  publish 2  objects 4
frame  59  total    33.3 ms  preprocess 8  inference 7  projection 5  fusion 7  publish 3  objects 3
frame  60  total    33.1 ms  preprocess 8  inference 7  projection 5  fusion 7  publish 2  objects 4
frame  61  total    31.5 ms  preprocess 8  inference 7  projection 5  fusion 7  publish 2  objects 3
frame  62  total    39.3 ms  preprocess 8  inference 7  projection 5  fusion 9  publish 3  objects 7
frame  63  total    35.2 ms  preprocess 8  inference 7  projection 5  fusion 8  publish 2  objects 4
frame  64  total    32.7 ms  preprocess 8  inference 7  projection 5  fusion 7  publish 2  objects 3
frame  65  total    32.5 ms  preprocess 8  inference 7  projection 5  fusion 7  publish 2  objects 3
frame  66  total    31.8 ms  preprocess 8  inference 7  projection 5  fusion 7  publish 2  objects 3
frame  67  total    33.2 ms  preprocess 9  inference 7  projection 5  fusion 7  publish 2  objects 4
frame  68  total    32.2 ms  preprocess 8  inference 7  projection 5  fusion 7  publish 2  objects 3
frame  69  total    33.1 ms  preprocess 8  inference 7  projection 5  fusion 7  publish 2  objects 3
frame  70  total    33.4 ms  preprocess 9  inference 7  projection 5  fusion 7  publish 2  objects 4
frame  71  total    32.9 ms  preprocess 8  inference 7  projection 5  fusion 7  publish 2  objects 4
frame  72  total    33.2 ms  preprocess 8  inference 7  projection 5  fusion 7  publish 2  objects 4
frame  73  total    33.3 ms  preprocess 9  inference 7  projection 5  fusion 7  publish 2  objects 3
frame  74  total    34.0 ms  preprocess 9  inference 7  projection 5  fusion 8  publish 2  objects 3
frame  75  total    33.6 ms  preprocess 9  inference 7  projection 5  fusion 7  publish 2  objects 3
frame  76  total    33.8 ms  preprocess 8  inference 7  projection 5  fusion 8  publish 2  objects 3
frame  77  total    32.5 ms  preprocess 8  inference 7  projection 6  fusion 7  publish 2  objects 3
frame  78  total    32.1 ms  preprocess 8  inference 7  projection 5  fusion 7  publish 2  objects 3
frame  79  total    33.2 ms  preprocess 8  inference 7  projection 5  fusion 7  publish 2  objects 4
frame  80  total    32.2 ms  preprocess 8  inference 7  projection 5  fusion 7  publish 2  objects 3
frame  81  total    32.8 ms  preprocess 8  inference 7  projection 5  fusion 7  publish 2  objects 3
frame  82  total    33.0 ms  preprocess 9  inference 7  projection 5  fusion 7  publish 2  objects 3
frame  83  total    32.3 ms  preprocess 8  inference 7  projection 5  fusion 7  publish 2  objects 3
frame  84  total    33.5 ms  preprocess 8  inference 7  projection 5  fusion 7  publish 2  objects 3
frame  85  total    32.6 ms  preprocess 8  inference 7  projection 5  fusion 7  publish 2  objects 3
frame  86  total    36.1 ms  preprocess 8  inference 7  projection 6  fusion 7  publish 4  objects 3
frame  87  total    33.1 ms  preprocess 8  inference 7  projection 5  fusion 7  publish 2  objects 4
frame  88  total    35.9 ms  preprocess 8  inference 7  projection 5  fusion 8  publish 2  objects 6
frame  89  total    32.2 ms  preprocess 8  inference 7  projection 5  fusion 7  publish 2  objects 4
frame  90  total    32.0 ms  preprocess 8  inference 7  projection 5  fusion 7  publish 2  objects 3
frame  91  total    32.4 ms  preprocess 8  inference 7  projection 5  fusion 7  publish 2  objects 3
frame  92  total    32.3 ms  preprocess 8  inference 7  projection 5  fusion 7  publish 2  objects 3
frame  93  total    32.3 ms  preprocess 8  inference 7  projection 5  fusion 7  publish 2  objects 3
frame  94  total    40.0 ms  preprocess 9  inference 7  projection 6  fusion 9  publish 3  objects 5
frame  95  total    43.1 ms  preprocess 10  inference 7  projection 6  fusion 10  publish 2  objects 7
frame  96  total    39.4 ms  preprocess 11  inference 7  projection 6  fusion 9  publish 2  objects 4
frame  97  total    39.1 ms  preprocess 10  inference 7  projection 6  fusion 9  publish 2  objects 4
frame  98  total    43.0 ms  preprocess 10  inference 7  projection 7  fusion 12  publish 2  objects 4
frame  99  total    53.2 ms  preprocess 12  inference 8  projection 9  fusion 13  publish 4  objects 7
{
  "dataset": "semantickitti",
  "source": "SemanticKITTI sequence 08 \u00b7 64-beam Lidar \u00b7 every 5th scan",
  "sensor_rows": 64,
  "hz": 2.0,
  "profile": "spec",
  "hardware": "Tesla T4 GPU (FP16 inference) + GPU grid engine",
  "grid_engine": "torch",
  "features_engine": "torch",
  "export_mode": "after",
  "frames": 100,
  "latency_ms": {
    "p50": 33.31,
    "p95": 45.55949999999999,
    "p99": 53.57270000000001,
    "mean": 36.124489795918365
  },
  "fps": 27.682051861476754,
  "grid_only_ms": 13.704081632653063,
  "uniform5_grid_ms": 5165.665980333567,
  "stages_ms": {
    "preprocess": 9.003367346938775,
    "inference": 7.346122448979592,
    "projection": 5.696734693877552,
    "fusion": 8.007346938775513,
    "publish": 2.016530612244898,
    "objects": 4.0543877551020415
  },
  "export_ms": 149.56112244897957,
  "memory_bytes": {
    "foveated_spec": 5120000,
    "foveated_graded": 9120000,
    "uniform_50cm_2.5d": 2560000,
    "uniform_5cm_2.5d": 256000000,
    "occupancy_2d_5cm": 16000000,
    "dense_voxel_5cm": 5120000000,
    "sparse_voxel_5cm_one_sweep": 940470,
    "raw_sweep": 2041216
  },
  "memory_saving_vs_uniform5": 50.0,
  "cells": {
    "foveated_spec": 320000,
    "uniform_5cm": 16000000
  },
  "tiers": [
    {
      "cell": 0.05,
      "half": 10.0,
      "n": 400
    },
    {
      "cell": 0.5,
      "half": 100.0,
      "n": 400
    }
  ],
  "classes": [
    "road",
    "sidewalk",
    "parking",
    "terrain",
    "vegetation",
    "building",
    "pole",
    "vehicle",
    "person"
  ],
  "active_classes": [
    true,
    true,
    true,
    true,
    true,
    true,
    true,
    true,
    true
  ],
  "bands": [
    "0\u201310 m",
    "10\u201325 m",
    "25\u201350 m",
    "50\u2013100 m"
  ],
  "point_miou_by_band": [
    0.6600830245866853,
    0.5672760426854043,
    0.46084054009738895,
    0.15140626992612274
  ],
  "grid_miou_by_band": [
    0.5976494815731389,
    0.5158192025024682,
    0.4055165119225656,
    0.24191403831836714
  ],
  "point_miou": 0.612947485778052,
  "drivable_iou_grid_0_10": 0.9490449201626432,
  "drivable_iou_points_0_10": 0.9494452800274511,
  "moving_iou_by_band": [
    0.31418006665531417,
    0.22256187752687112,
    0.2643253234750462,
    null
  ],
  "moving_iou": 0.2827727998036087,
  "curb_recall_10m": null,
  "pothole_recall_10m": null,
  "pothole_flag_rate_drivable_10m": 0.0005865658056163323,
  "points_lost": 0,
  "nesting_ok": true,
  "objects_within_25m": {
    "vehicle": {
      "precision": 0.6910016977928692,
      "recall": 0.7178130511463845,
      "tp": 407,
      "fp": 182,
      "fn": 160
    },
    "person": {
      "precision": 0.17647058823529413,
      "recall": 0.28125,
      "tp": 18,
      "fp": 84,
      "fn": 46
    },
    "pole": {
      "precision": 0.3346456692913386,
      "recall": 0.6296296296296297,
      "tp": 170,
      "fp": 338,
      "fn": 100
    }
  },
  "objects_diagnostics": {
    "vehicle": {
      "fp_fragment_share": 0.26373626373626374,
      "fp_other_class_share": 0.09340659340659341,
      "median_cells_tp": 26.0,
      "median_cells_fp": 6.5,
      "median_cells_fn": 17.5,
      "fp_cells_quartiles": [
        5.0,
        16.0
      ]
    },
    "person": {
      "fp_fragment_share": 0.10714285714285714,
      "fp_other_class_share": 0.14285714285714285,
      "median_cells_tp": 6.5,
      "median_cells_fp": 3.0,
      "median_cells_fn": 4.0,
      "fp_cells_quartiles": [
        2.0,
        7.0
      ]
    },
    "pole": {
      "fp_fragment_share": 0.15680473372781065,
      "fp_other_class_share": 0.11834319526627218,
      "median_cells_tp": 10.0,
      "median_cells_fp": 9.0,
      "median_cells_fn": 4.0,
      "fp_cells_quartiles": [
        2.0,
        19.0
      ]
    }
  },
  "objects_area_sweep": {
    "vehicle": [
      {
        "min_area_m2": 0.0,
        "precision": 0.3515625,
        "recall": 0.7936507936507936,
        "f1": 0.48727666486193827
      },
      {
        "min_area_m2": 0.2,
        "precision": 0.5663129973474801,
        "recall": 0.7530864197530864,
        "f1": 0.6464799394398183
      },
      {
        "min_area_m2": 0.5,
        "precision": 0.5907172995780591,
        "recall": 0.7407407407407407,
        "f1": 0.6572769953051644
      },
      {
        "min_area_m2": 1.0,
        "precision": 0.6910016977928692,
        "recall": 0.7178130511463845,
        "f1": 0.7041522491349481
      },
      {
        "min_area_m2": 1.5,
        "precision": 0.7724288840262582,
        "recall": 0.6225749559082893,
        "f1": 0.689453125
      },
      {
        "min_area_m2": 2.0,
        "precision": 0.820580474934037,
        "recall": 0.5485008818342152,
        "f1": 0.6575052854122622
      },
      {
        "min_area_m2": 3.0,
        "precision": 0.8854166666666666,
        "recall": 0.4497354497354497,
        "f1": 0.5964912280701754
      }
    ],
    "person": [
      {
        "min_area_m2": 0.0,
        "precision": 0.08482142857142858,
        "recall": 0.296875,
        "f1": 0.13194444444444445
      },
      {
        "min_area_m2": 0.01,
        "precision": 0.12418300653594772,
        "recall": 0.296875,
        "f1": 0.17511520737327188
      },
      {
        "min_area_m2": 0.02,
        "precision": 0.144,
        "recall": 0.28125,
        "f1": 0.19047619047619047
      },
      {
        "min_area_m2": 0.05,
        "precision": 0.17647058823529413,
        "recall": 0.28125,
        "f1": 0.21686746987951808
      },
      {
        "min_area_m2": 0.1,
        "precision": 0.18085106382978725,
        "recall": 0.265625,
        "f1": 0.21518987341772153
      },
      {
        "min_area_m2": 0.2,
        "precision": 0.1827956989247312,
        "recall": 0.265625,
        "f1": 0.21656050955414013
      },
      {
        "min_area_m2": 0.3,
        "precision": 0.17582417582417584,
        "recall": 0.25,
        "f1": 0.2064516129032258
      }
    ],
    "pole": [
      {
        "min_area_m2": 0.0,
        "precision": 0.22068095838587642,
        "recall": 0.6481481481481481,
        "f1": 0.3292568203198495
      },
      {
        "min_area_m2": 0.01,
        "precision": 0.26371951219512196,
        "recall": 0.6407407407407407,
        "f1": 0.37365010799136067
      },
      {
        "min_area_m2": 0.02,
        "precision": 0.3346456692913386,
        "recall": 0.6296296296296297,
        "f1": 0.4370179948586118
      },
      {
        "min_area_m2": 0.05,
        "precision": 0.3664772727272727,
        "recall": 0.4777777777777778,
        "f1": 0.41479099678456594
      },
      {
        "min_area_m2": 0.1,
        "precision": 0.34408602150537637,
        "recall": 0.35555555555555557,
        "f1": 0.34972677595628415
      },
      {
        "min_area_m2": 0.2,
        "precision": 0.350210970464135,
        "recall": 0.3074074074074074,
        "f1": 0.32741617357001973
      },
      {
        "min_area_m2": 0.3,
        "precision": 0.36283185840707965,
        "recall": 0.3037037037037037,
        "f1": 0.33064516129032256
      }
    ]
  },
  "objects_moving_flag_agreement": 0.9512605042016806,
  "objects_per_frame": 33.88
}
