preparing 1922 training frames
prepared 250/1922 frames
prepared 500/1922 frames
prepared 750/1922 frames
prepared 1000/1922 frames
prepared 1250/1922 frames
prepared 1500/1922 frames
prepared 1750/1922 frames
semantickitti: 1922 training frames, range image 64 x 1024, device cuda
training pixels by class: road 22.43%, sidewalk 16.62%, parking 1.67%, terrain 8.23%, vegetation 24.99%, building 20.17%, pole 0.41%, vehicle 5.43%, person 0.06%
initialised from checkpoints/range_unet.pt
step    25       3s  loss 1.098  lr 0.00050
step    50       5s  loss 0.534  lr 0.00099
step    75       7s  loss 0.372  lr 0.00099
step   100      10s  loss 0.343  lr 0.00099
step   125      12s  loss 0.307  lr 0.00099
step   150      14s  loss 0.294  lr 0.00098
step   175      16s  loss 0.284  lr 0.00098
step   200      18s  loss 0.266  lr 0.00098
step   225      20s  loss 0.259  lr 0.00098
step   250      22s  loss 0.263  lr 0.00097
step   275      24s  loss 0.262  lr 0.00097
step   300      26s  loss 0.241  lr 0.00097
step   325      28s  loss 0.241  lr 0.00097
step   350      30s  loss 0.236  lr 0.00096
step   375      32s  loss 0.245  lr 0.00096
step   400      34s  loss 0.229  lr 0.00096
step   425      36s  loss 0.223  lr 0.00096
step   450      39s  loss 0.227  lr 0.00095
step   475      41s  loss 0.212  lr 0.00095
step   500      43s  loss 0.214  lr 0.00095
step   525      45s  loss 0.222  lr 0.00095
step   550      47s  loss 0.217  lr 0.00094
step   575      49s  loss 0.215  lr 0.00094
step   600      51s  loss 0.206  lr 0.00094
step   625      53s  loss 0.206  lr 0.00094
step   650      55s  loss 0.219  lr 0.00093
step   675      57s  loss 0.215  lr 0.00093
step   700      59s  loss 0.213  lr 0.00093
step   725      61s  loss 0.193  lr 0.00092
step   750      63s  loss 0.205  lr 0.00092
step   775      66s  loss 0.207  lr 0.00092
step   800      68s  loss 0.203  lr 0.00092
step   825      70s  loss 0.198  lr 0.00091
step   850      72s  loss 0.194  lr 0.00091
step   875      74s  loss 0.192  lr 0.00091
step   900      76s  loss 0.194  lr 0.00091
step   925      78s  loss 0.188  lr 0.00090
step   950      80s  loss 0.192  lr 0.00090
step   975      82s  loss 0.200  lr 0.00090
step  1000      84s  loss 0.192  lr 0.00090
step  1025      86s  loss 0.193  lr 0.00089
step  1050      88s  loss 0.187  lr 0.00089
step  1075      90s  loss 0.194  lr 0.00089
step  1100      93s  loss 0.189  lr 0.00089
step  1125      95s  loss 0.183  lr 0.00088
step  1150      97s  loss 0.188  lr 0.00088
step  1175      99s  loss 0.190  lr 0.00088
step  1200     101s  loss 0.182  lr 0.00088
step  1225     103s  loss 0.186  lr 0.00087
step  1250     105s  loss 0.186  lr 0.00087
step  1275     107s  loss 0.195  lr 0.00087
step  1300     109s  loss 0.179  lr 0.00086
step  1325     111s  loss 0.184  lr 0.00086
step  1350     113s  loss 0.170  lr 0.00086
step  1375     115s  loss 0.179  lr 0.00086
step  1400     117s  loss 0.182  lr 0.00085
step  1425     119s  loss 0.174  lr 0.00085
step  1450     121s  loss 0.170  lr 0.00085
step  1475     124s  loss 0.176  lr 0.00085
step  1500     126s  loss 0.165  lr 0.00084
step  1525     128s  loss 0.180  lr 0.00084
step  1550     129s  loss 0.176  lr 0.00084
step  1575     131s  loss 0.173  lr 0.00084
step  1600     134s  loss 0.171  lr 0.00083
step  1625     136s  loss 0.172  lr 0.00083
step  1650     138s  loss 0.176  lr 0.00083
step  1675     140s  loss 0.181  lr 0.00083
step  1700     142s  loss 0.170  lr 0.00082
step  1725     144s  loss 0.167  lr 0.00082
step  1750     146s  loss 0.170  lr 0.00082
step  1775     148s  loss 0.170  lr 0.00082
step  1800     150s  loss 0.175  lr 0.00081
step  1825     152s  loss 0.174  lr 0.00081
step  1850     154s  loss 0.167  lr 0.00081
step  1875     156s  loss 0.165  lr 0.00080
step  1900     158s  loss 0.160  lr 0.00080
step  1925     160s  loss 0.167  lr 0.00080
step  1950     163s  loss 0.159  lr 0.00080
step  1975     165s  loss 0.165  lr 0.00079
step  2000     167s  loss 0.164  lr 0.00079
step  2025     169s  loss 0.158  lr 0.00079
step  2050     171s  loss 0.161  lr 0.00079
step  2075     173s  loss 0.171  lr 0.00078
step  2100     175s  loss 0.163  lr 0.00078
step  2125     177s  loss 0.165  lr 0.00078
step  2150     179s  loss 0.162  lr 0.00078
step  2175     181s  loss 0.164  lr 0.00077
step  2200     183s  loss 0.160  lr 0.00077
step  2225     185s  loss 0.162  lr 0.00077
step  2250     187s  loss 0.158  lr 0.00077
step  2275     189s  loss 0.161  lr 0.00076
step  2300     192s  loss 0.163  lr 0.00076
step  2325     194s  loss 0.159  lr 0.00076
step  2350     196s  loss 0.149  lr 0.00076
step  2375     198s  loss 0.157  lr 0.00075
step  2400     200s  loss 0.162  lr 0.00075
step  2425     202s  loss 0.156  lr 0.00075
step  2450     204s  loss 0.158  lr 0.00074
step  2475     206s  loss 0.157  lr 0.00074
step  2500     208s  loss 0.151  lr 0.00074
step  2525     210s  loss 0.152  lr 0.00074
step  2550     212s  loss 0.149  lr 0.00073
step  2575     214s  loss 0.151  lr 0.00073
step  2600     216s  loss 0.155  lr 0.00073
step  2625     218s  loss 0.158  lr 0.00073
step  2650     220s  loss 0.154  lr 0.00072
step  2675     222s  loss 0.158  lr 0.00072
step  2700     224s  loss 0.162  lr 0.00072
step  2725     226s  loss 0.147  lr 0.00072
step  2750     228s  loss 0.143  lr 0.00071
step  2775     231s  loss 0.146  lr 0.00071
step  2800     233s  loss 0.152  lr 0.00071
step  2825     235s  loss 0.163  lr 0.00071
step  2850     237s  loss 0.158  lr 0.00070
step  2875     239s  loss 0.154  lr 0.00070
step  2900     241s  loss 0.154  lr 0.00070
step  2925     243s  loss 0.153  lr 0.00070
step  2950     245s  loss 0.145  lr 0.00069
step  2975     247s  loss 0.146  lr 0.00069
step  3000     249s  loss 0.147  lr 0.00069
step  3025     251s  loss 0.149  lr 0.00069
step  3050     253s  loss 0.150  lr 0.00068
step  3075     255s  loss 0.149  lr 0.00068
step  3100     257s  loss 0.148  lr 0.00068
step  3125     259s  loss 0.149  lr 0.00067
step  3150     261s  loss 0.145  lr 0.00067
step  3175     263s  loss 0.142  lr 0.00067
step  3200     265s  loss 0.149  lr 0.00067
step  3225     267s  loss 0.149  lr 0.00066
step  3250     269s  loss 0.147  lr 0.00066
step  3275     272s  loss 0.145  lr 0.00066
step  3300     274s  loss 0.142  lr 0.00066
step  3325     276s  loss 0.139  lr 0.00065
step  3350     278s  loss 0.146  lr 0.00065
step  3375     280s  loss 0.150  lr 0.00065
step  3400     282s  loss 0.147  lr 0.00065
step  3425     284s  loss 0.149  lr 0.00064
step  3450     286s  loss 0.140  lr 0.00064
step  3475     288s  loss 0.139  lr 0.00064
step  3500     290s  loss 0.146  lr 0.00064
step  3525     292s  loss 0.140  lr 0.00063
step  3550     294s  loss 0.150  lr 0.00063
step  3575     296s  loss 0.136  lr 0.00063
step  3600     298s  loss 0.144  lr 0.00063
step  3625     300s  loss 0.134  lr 0.00062
step  3650     303s  loss 0.137  lr 0.00062
step  3675     305s  loss 0.141  lr 0.00062
step  3700     307s  loss 0.140  lr 0.00061
step  3725     309s  loss 0.152  lr 0.00061
step  3750     311s  loss 0.135  lr 0.00061
step  3775     313s  loss 0.142  lr 0.00061
step  3800     315s  loss 0.133  lr 0.00060
step  3825     317s  loss 0.139  lr 0.00060
step  3850     319s  loss 0.143  lr 0.00060
step  3875     321s  loss 0.136  lr 0.00060
step  3900     323s  loss 0.144  lr 0.00059
step  3925     325s  loss 0.142  lr 0.00059
step  3950     327s  loss 0.134  lr 0.00059
step  3975     329s  loss 0.141  lr 0.00059
step  4000     331s  loss 0.136  lr 0.00058
step  4025     333s  loss 0.138  lr 0.00058
step  4050     335s  loss 0.143  lr 0.00058
step  4075     337s  loss 0.138  lr 0.00058
step  4100     339s  loss 0.138  lr 0.00057
step  4125     341s  loss 0.139  lr 0.00057
step  4150     344s  loss 0.136  lr 0.00057
step  4175     346s  loss 0.136  lr 0.00057
step  4200     348s  loss 0.138  lr 0.00056
step  4225     350s  loss 0.134  lr 0.00056
step  4250     352s  loss 0.134  lr 0.00056
step  4275     354s  loss 0.136  lr 0.00055
step  4300     356s  loss 0.144  lr 0.00055
step  4325     358s  loss 0.132  lr 0.00055
step  4350     360s  loss 0.135  lr 0.00055
step  4375     362s  loss 0.137  lr 0.00054
step  4400     364s  loss 0.135  lr 0.00054
step  4425     366s  loss 0.132  lr 0.00054
step  4450     368s  loss 0.131  lr 0.00054
step  4475     370s  loss 0.129  lr 0.00053
step  4500     373s  loss 0.137  lr 0.00053
step  4525     375s  loss 0.137  lr 0.00053
step  4550     377s  loss 0.131  lr 0.00053
step  4575     379s  loss 0.128  lr 0.00052
step  4600     381s  loss 0.137  lr 0.00052
step  4625     383s  loss 0.127  lr 0.00052
step  4650     385s  loss 0.132  lr 0.00052
step  4675     387s  loss 0.136  lr 0.00051
step  4700     389s  loss 0.133  lr 0.00051
step  4725     391s  loss 0.135  lr 0.00051
step  4750     393s  loss 0.129  lr 0.00051
step  4775     395s  loss 0.133  lr 0.00050
step  4800     397s  loss 0.134  lr 0.00050
step  4825     400s  loss 0.134  lr 0.00050
step  4850     402s  loss 0.135  lr 0.00049
step  4875     404s  loss 0.134  lr 0.00049
step  4900     406s  loss 0.127  lr 0.00049
step  4925     408s  loss 0.135  lr 0.00049
step  4950     409s  loss 0.134  lr 0.00048
step  4975     412s  loss 0.135  lr 0.00048
step  5000     414s  loss 0.133  lr 0.00048
step  5025     416s  loss 0.131  lr 0.00048
step  5050     418s  loss 0.124  lr 0.00047
step  5075     420s  loss 0.132  lr 0.00047
step  5100     422s  loss 0.135  lr 0.00047
step  5125     424s  loss 0.140  lr 0.00047
step  5150     426s  loss 0.124  lr 0.00046
step  5175     428s  loss 0.127  lr 0.00046
step  5200     430s  loss 0.128  lr 0.00046
step  5225     432s  loss 0.135  lr 0.00046
step  5250     434s  loss 0.135  lr 0.00045
step  5275     436s  loss 0.131  lr 0.00045
step  5300     438s  loss 0.128  lr 0.00045
step  5325     441s  loss 0.131  lr 0.00045
step  5350     443s  loss 0.128  lr 0.00044
step  5375     445s  loss 0.129  lr 0.00044
step  5400     447s  loss 0.131  lr 0.00044
step  5425     449s  loss 0.128  lr 0.00044
step  5450     451s  loss 0.123  lr 0.00043
step  5475     453s  loss 0.126  lr 0.00043
step  5500     455s  loss 0.128  lr 0.00043
step  5525     457s  loss 0.127  lr 0.00042
step  5550     459s  loss 0.123  lr 0.00042
step  5575     461s  loss 0.126  lr 0.00042
step  5600     463s  loss 0.126  lr 0.00042
step  5625     465s  loss 0.127  lr 0.00041
step  5650     467s  loss 0.124  lr 0.00041
step  5675     469s  loss 0.122  lr 0.00041
step  5700     471s  loss 0.121  lr 0.00041
step  5725     473s  loss 0.120  lr 0.00040
step  5750     475s  loss 0.127  lr 0.00040
step  5775     477s  loss 0.119  lr 0.00040
step  5800     479s  loss 0.124  lr 0.00040
step  5825     482s  loss 0.126  lr 0.00039
step  5850     484s  loss 0.125  lr 0.00039
step  5875     486s  loss 0.132  lr 0.00039
step  5900     488s  loss 0.124  lr 0.00039
step  5925     490s  loss 0.123  lr 0.00038
step  5950     492s  loss 0.125  lr 0.00038
step  5975     494s  loss 0.130  lr 0.00038
step  6000     496s  loss 0.124  lr 0.00038
step  6025     498s  loss 0.127  lr 0.00037
step  6050     500s  loss 0.127  lr 0.00037
step  6075     502s  loss 0.123  lr 0.00037
step  6100     504s  loss 0.123  lr 0.00036
step  6125     506s  loss 0.126  lr 0.00036
step  6150     508s  loss 0.123  lr 0.00036
step  6175     511s  loss 0.127  lr 0.00036
step  6200     512s  loss 0.122  lr 0.00035
step  6225     515s  loss 0.119  lr 0.00035
step  6250     516s  loss 0.125  lr 0.00035
step  6275     518s  loss 0.124  lr 0.00035
step  6300     520s  loss 0.129  lr 0.00034
step  6325     523s  loss 0.125  lr 0.00034
step  6350     525s  loss 0.123  lr 0.00034
step  6375     527s  loss 0.125  lr 0.00034
step  6400     529s  loss 0.131  lr 0.00033
step  6425     531s  loss 0.120  lr 0.00033
step  6450     533s  loss 0.124  lr 0.00033
step  6475     535s  loss 0.124  lr 0.00033
step  6500     537s  loss 0.119  lr 0.00032
step  6525     539s  loss 0.121  lr 0.00032
step  6550     541s  loss 0.124  lr 0.00032
step  6575     543s  loss 0.124  lr 0.00032
step  6600     545s  loss 0.123  lr 0.00031
step  6625     547s  loss 0.123  lr 0.00031
step  6650     549s  loss 0.120  lr 0.00031
step  6675     552s  loss 0.119  lr 0.00030
step  6700     554s  loss 0.119  lr 0.00030
step  6725     556s  loss 0.116  lr 0.00030
step  6750     558s  loss 0.117  lr 0.00030
step  6775     560s  loss 0.119  lr 0.00029
step  6800     562s  loss 0.122  lr 0.00029
step  6825     564s  loss 0.119  lr 0.00029
step  6850     566s  loss 0.117  lr 0.00029
step  6875     568s  loss 0.127  lr 0.00028
step  6900     570s  loss 0.121  lr 0.00028
step  6925     572s  loss 0.127  lr 0.00028
step  6950     574s  loss 0.118  lr 0.00028
step  6975     576s  loss 0.119  lr 0.00027
step  7000     578s  loss 0.125  lr 0.00027
step  7025     581s  loss 0.121  lr 0.00027
step  7050     583s  loss 0.123  lr 0.00027
step  7075     584s  loss 0.120  lr 0.00026
step  7100     586s  loss 0.116  lr 0.00026
step  7125     588s  loss 0.116  lr 0.00026
step  7150     590s  loss 0.121  lr 0.00026
step  7175     593s  loss 0.121  lr 0.00025
step  7200     595s  loss 0.118  lr 0.00025
step  7225     597s  loss 0.124  lr 0.00025
step  7250     599s  loss 0.122  lr 0.00024
step  7275     601s  loss 0.120  lr 0.00024
step  7300     603s  loss 0.120  lr 0.00024
step  7325     605s  loss 0.119  lr 0.00024
step  7350     607s  loss 0.124  lr 0.00023
step  7375     609s  loss 0.121  lr 0.00023
step  7400     611s  loss 0.117  lr 0.00023
step  7425     613s  loss 0.117  lr 0.00023
step  7450     615s  loss 0.121  lr 0.00022
step  7475     617s  loss 0.121  lr 0.00022
step  7500     619s  loss 0.119  lr 0.00022
step  7525     622s  loss 0.116  lr 0.00022
step  7550     624s  loss 0.117  lr 0.00021
step  7575     625s  loss 0.118  lr 0.00021
step  7600     627s  loss 0.114  lr 0.00021
step  7625     629s  loss 0.121  lr 0.00021
step  7650     631s  loss 0.117  lr 0.00020
step  7675     634s  loss 0.120  lr 0.00020
step  7700     636s  loss 0.117  lr 0.00020
step  7725     638s  loss 0.120  lr 0.00020
step  7750     640s  loss 0.114  lr 0.00019
step  7775     642s  loss 0.122  lr 0.00019
step  7800     644s  loss 0.117  lr 0.00019
step  7825     646s  loss 0.115  lr 0.00019
step  7850     648s  loss 0.116  lr 0.00018
step  7875     650s  loss 0.115  lr 0.00018
step  7900     652s  loss 0.112  lr 0.00018
step  7925     654s  loss 0.119  lr 0.00017
step  7950     656s  loss 0.120  lr 0.00017
step  7975     658s  loss 0.115  lr 0.00017
step  8000     660s  loss 0.117  lr 0.00017
step  8025     663s  loss 0.119  lr 0.00016
step  8050     665s  loss 0.117  lr 0.00016
step  8075     667s  loss 0.121  lr 0.00016
step  8100     669s  loss 0.112  lr 0.00016
step  8125     671s  loss 0.117  lr 0.00015
step  8150     673s  loss 0.118  lr 0.00015
step  8175     675s  loss 0.112  lr 0.00015
step  8200     677s  loss 0.121  lr 0.00015
step  8225     679s  loss 0.117  lr 0.00014
step  8250     681s  loss 0.116  lr 0.00014
step  8275     683s  loss 0.118  lr 0.00014
step  8300     685s  loss 0.117  lr 0.00014
step  8325     687s  loss 0.116  lr 0.00013
step  8350     689s  loss 0.119  lr 0.00013
step  8375     691s  loss 0.118  lr 0.00013
step  8400     693s  loss 0.114  lr 0.00013
step  8425     695s  loss 0.110  lr 0.00012
step  8450     697s  loss 0.114  lr 0.00012
step  8475     699s  loss 0.112  lr 0.00012
step  8500     701s  loss 0.116  lr 0.00011
step  8525     704s  loss 0.118  lr 0.00011
step  8550     706s  loss 0.112  lr 0.00011
step  8575     708s  loss 0.105  lr 0.00011
step  8600     710s  loss 0.113  lr 0.00010
step  8625     712s  loss 0.117  lr 0.00010
step  8650     714s  loss 0.117  lr 0.00010
step  8675     716s  loss 0.113  lr 0.00010
step  8700     718s  loss 0.117  lr 0.00009
step  8725     720s  loss 0.114  lr 0.00009
step  8750     722s  loss 0.114  lr 0.00009
step  8775     724s  loss 0.118  lr 0.00009
step  8800     726s  loss 0.111  lr 0.00008
step  8825     728s  loss 0.113  lr 0.00008
step  8850     730s  loss 0.119  lr 0.00008
step  8875     732s  loss 0.113  lr 0.00008
step  8900     734s  loss 0.113  lr 0.00007
step  8925     736s  loss 0.117  lr 0.00007
step  8950     738s  loss 0.113  lr 0.00007
step  8975     740s  loss 0.117  lr 0.00007
step  9000     742s  loss 0.112  lr 0.00006
step  9025     745s  loss 0.108  lr 0.00006
step  9050     747s  loss 0.119  lr 0.00006
step  9075     749s  loss 0.113  lr 0.00005
step  9100     751s  loss 0.117  lr 0.00005
step  9125     753s  loss 0.108  lr 0.00005
step  9150     755s  loss 0.115  lr 0.00005
step  9175     757s  loss 0.111  lr 0.00005
step  9200     759s  loss 0.111  lr 0.00005
step  9225     761s  loss 0.120  lr 0.00005
step  9250     763s  loss 0.110  lr 0.00005
step  9275     765s  loss 0.116  lr 0.00005
step  9300     767s  loss 0.111  lr 0.00005
step  9325     769s  loss 0.118  lr 0.00005
step  9350     771s  loss 0.113  lr 0.00005
step  9375     774s  loss 0.114  lr 0.00005
step  9400     776s  loss 0.116  lr 0.00005
step  9425     778s  loss 0.109  lr 0.00005
step  9450     779s  loss 0.116  lr 0.00005
step  9475     781s  loss 0.115  lr 0.00005
step  9500     783s  loss 0.114  lr 0.00005
step  9525     786s  loss 0.109  lr 0.00005
step  9550     788s  loss 0.113  lr 0.00005
step  9575     790s  loss 0.113  lr 0.00005
step  9600     792s  loss 0.115  lr 0.00005
saved checkpoints/range_unet_semantickitti.pt (9600 steps, 792s)
val mIoU 0.597  moving IoU 0.2971974716320158
  0–10 m    mIoU 0.6416632809759855
  10–25 m   mIoU 0.5575419828110988
  25–50 m   mIoU 0.4156701777809445
  50–100 m  mIoU 0.17936399957614688
  road                   IoU 0.8862  recall 0.9199  points  8844442  confused with: sidewalk 5%, parking 2%
  sidewalk               IoU 0.7116  recall 0.8339  points  6071493  confused with: terrain 7%, parking 3%
  parking                IoU 0.2788  recall 0.4628  points   610017  confused with: sidewalk 30%, road 15%
  terrain                IoU 0.7002  recall 0.8017  points  6417970  confused with: vegetation 11%, sidewalk 5%
  vegetation             IoU 0.7737  recall 0.886  points 15173471  confused with: building 5%, terrain 3%
  building               IoU 0.6748  recall 0.7684  points  7888002  confused with: vegetation 16%, vehicle 4%
  pole                   IoU 0.2397  recall 0.703  points   205512  confused with: vegetation 18%, building 6%
  vehicle                IoU 0.7797  recall 0.9379  points  3413366  confused with: building 3%, vegetation 1%
  person                 IoU 0.3324  recall 0.6334  points    81493  confused with: building 14%, vegetation 12%
