preparing 1922 training frames
prepared 250/1922 frames
prepared 500/1922 frames
prepared 750/1922 frames
prepared 1000/1922 frames
prepared 1250/1922 frames
prepared 1500/1922 frames
prepared 1750/1922 frames
semantickitti: 1922 training frames, range image 64 x 1024, device cuda
training pixels by class: road 22.43%, sidewalk 16.62%, parking 1.67%, terrain 8.23%, vegetation 24.99%, building 20.17%, pole 0.41%, vehicle 5.43%, person 0.06%
network widths (32, 64, 128, 192), 1,304,586 parameters
checkpoints/range_unet.pt has widths (16, 32, 64, 96), not (32, 64, 128, 192): training from scratch
step    25       5s  loss 0.778  lr 0.00150
step    50       9s  loss 0.555  lr 0.00298
step    75      13s  loss 0.408  lr 0.00298
step   100      17s  loss 0.365  lr 0.00297
step   125      21s  loss 0.327  lr 0.00296
step   150      25s  loss 0.308  lr 0.00295
step   175      29s  loss 0.293  lr 0.00295
step   200      33s  loss 0.278  lr 0.00294
step   225      37s  loss 0.267  lr 0.00293
step   250      41s  loss 0.267  lr 0.00292
step   275      45s  loss 0.270  lr 0.00291
step   300      49s  loss 0.247  lr 0.00291
step   325      53s  loss 0.243  lr 0.00290
step   350      57s  loss 0.236  lr 0.00289
step   375      61s  loss 0.245  lr 0.00288
step   400      65s  loss 0.233  lr 0.00288
step   425      69s  loss 0.226  lr 0.00287
step   450      73s  loss 0.229  lr 0.00286
step   475      77s  loss 0.208  lr 0.00285
step   500      82s  loss 0.210  lr 0.00284
step   525      86s  loss 0.218  lr 0.00284
step   550      90s  loss 0.220  lr 0.00283
step   575      94s  loss 0.220  lr 0.00282
step   600      98s  loss 0.211  lr 0.00281
step   625     102s  loss 0.204  lr 0.00281
step   650     106s  loss 0.211  lr 0.00280
step   675     110s  loss 0.208  lr 0.00279
step   700     114s  loss 0.215  lr 0.00278
step   725     118s  loss 0.195  lr 0.00277
step   750     123s  loss 0.203  lr 0.00277
step   775     127s  loss 0.199  lr 0.00276
step   800     131s  loss 0.196  lr 0.00275
step   825     135s  loss 0.190  lr 0.00274
step   850     139s  loss 0.190  lr 0.00273
step   875     143s  loss 0.185  lr 0.00273
step   900     147s  loss 0.189  lr 0.00272
step   925     151s  loss 0.181  lr 0.00271
step   950     155s  loss 0.189  lr 0.00270
step   975     159s  loss 0.194  lr 0.00270
step  1000     163s  loss 0.180  lr 0.00269
step  1025     167s  loss 0.183  lr 0.00268
step  1050     171s  loss 0.177  lr 0.00267
step  1075     176s  loss 0.182  lr 0.00266
step  1100     180s  loss 0.180  lr 0.00266
step  1125     184s  loss 0.172  lr 0.00265
step  1150     188s  loss 0.173  lr 0.00264
step  1175     192s  loss 0.180  lr 0.00263
step  1200     196s  loss 0.172  lr 0.00263
step  1225     200s  loss 0.180  lr 0.00262
step  1250     204s  loss 0.175  lr 0.00261
step  1275     208s  loss 0.190  lr 0.00260
step  1300     212s  loss 0.168  lr 0.00259
step  1325     216s  loss 0.168  lr 0.00259
step  1350     220s  loss 0.155  lr 0.00258
step  1375     224s  loss 0.164  lr 0.00257
step  1400     228s  loss 0.169  lr 0.00256
step  1425     232s  loss 0.157  lr 0.00255
step  1450     236s  loss 0.159  lr 0.00255
step  1475     240s  loss 0.164  lr 0.00254
step  1500     244s  loss 0.154  lr 0.00253
step  1525     248s  loss 0.163  lr 0.00252
step  1550     252s  loss 0.161  lr 0.00252
step  1575     256s  loss 0.157  lr 0.00251
step  1600     261s  loss 0.156  lr 0.00250
step  1625     265s  loss 0.156  lr 0.00249
step  1650     269s  loss 0.160  lr 0.00248
step  1675     273s  loss 0.160  lr 0.00248
step  1700     277s  loss 0.159  lr 0.00247
step  1725     281s  loss 0.150  lr 0.00246
step  1750     285s  loss 0.150  lr 0.00245
step  1775     289s  loss 0.149  lr 0.00245
step  1800     293s  loss 0.157  lr 0.00244
step  1825     297s  loss 0.155  lr 0.00243
step  1850     301s  loss 0.149  lr 0.00242
step  1875     305s  loss 0.146  lr 0.00241
step  1900     309s  loss 0.146  lr 0.00241
step  1925     313s  loss 0.150  lr 0.00240
step  1950     317s  loss 0.140  lr 0.00239
step  1975     321s  loss 0.145  lr 0.00238
step  2000     325s  loss 0.146  lr 0.00238
step  2025     329s  loss 0.138  lr 0.00237
step  2050     333s  loss 0.142  lr 0.00236
step  2075     337s  loss 0.150  lr 0.00235
step  2100     341s  loss 0.142  lr 0.00234
step  2125     346s  loss 0.145  lr 0.00234
step  2150     349s  loss 0.138  lr 0.00233
step  2175     353s  loss 0.146  lr 0.00232
step  2200     358s  loss 0.137  lr 0.00231
step  2225     362s  loss 0.140  lr 0.00231
step  2250     366s  loss 0.139  lr 0.00230
step  2275     370s  loss 0.145  lr 0.00229
step  2300     374s  loss 0.142  lr 0.00228
step  2325     378s  loss 0.138  lr 0.00227
step  2350     382s  loss 0.129  lr 0.00227
step  2375     386s  loss 0.136  lr 0.00226
step  2400     390s  loss 0.140  lr 0.00225
step  2425     394s  loss 0.132  lr 0.00224
step  2450     398s  loss 0.135  lr 0.00223
step  2475     402s  loss 0.134  lr 0.00223
step  2500     406s  loss 0.130  lr 0.00222
step  2525     410s  loss 0.128  lr 0.00221
step  2550     414s  loss 0.125  lr 0.00220
step  2575     418s  loss 0.132  lr 0.00220
step  2600     422s  loss 0.131  lr 0.00219
step  2625     426s  loss 0.134  lr 0.00218
step  2650     430s  loss 0.129  lr 0.00217
step  2675     434s  loss 0.132  lr 0.00216
step  2700     438s  loss 0.137  lr 0.00216
step  2725     443s  loss 0.126  lr 0.00215
step  2750     446s  loss 0.122  lr 0.00214
step  2775     450s  loss 0.123  lr 0.00213
step  2800     455s  loss 0.128  lr 0.00213
step  2825     459s  loss 0.135  lr 0.00212
step  2850     463s  loss 0.134  lr 0.00211
step  2875     467s  loss 0.134  lr 0.00210
step  2900     471s  loss 0.132  lr 0.00209
step  2925     475s  loss 0.126  lr 0.00209
step  2950     479s  loss 0.121  lr 0.00208
step  2975     483s  loss 0.122  lr 0.00207
step  3000     487s  loss 0.124  lr 0.00206
step  3025     491s  loss 0.125  lr 0.00206
step  3050     495s  loss 0.123  lr 0.00205
step  3075     499s  loss 0.120  lr 0.00204
step  3100     503s  loss 0.122  lr 0.00203
step  3125     507s  loss 0.122  lr 0.00202
step  3150     511s  loss 0.117  lr 0.00202
step  3175     515s  loss 0.114  lr 0.00201
step  3200     519s  loss 0.124  lr 0.00200
step  3225     523s  loss 0.119  lr 0.00199
step  3250     527s  loss 0.121  lr 0.00198
step  3275     531s  loss 0.121  lr 0.00198
step  3300     535s  loss 0.115  lr 0.00197
step  3325     539s  loss 0.113  lr 0.00196
step  3350     543s  loss 0.120  lr 0.00195
step  3375     547s  loss 0.123  lr 0.00195
step  3400     551s  loss 0.121  lr 0.00194
step  3425     555s  loss 0.123  lr 0.00193
step  3450     559s  loss 0.114  lr 0.00192
step  3475     564s  loss 0.111  lr 0.00191
step  3500     568s  loss 0.118  lr 0.00191
step  3525     571s  loss 0.112  lr 0.00190
step  3550     575s  loss 0.122  lr 0.00189
step  3575     580s  loss 0.112  lr 0.00188
step  3600     583s  loss 0.116  lr 0.00188
step  3625     587s  loss 0.107  lr 0.00187
step  3650     592s  loss 0.108  lr 0.00186
step  3675     596s  loss 0.113  lr 0.00185
step  3700     599s  loss 0.113  lr 0.00184
step  3725     603s  loss 0.125  lr 0.00184
step  3750     608s  loss 0.109  lr 0.00183
step  3775     612s  loss 0.113  lr 0.00182
step  3800     616s  loss 0.105  lr 0.00181
step  3825     620s  loss 0.112  lr 0.00181
step  3850     624s  loss 0.112  lr 0.00180
step  3875     628s  loss 0.109  lr 0.00179
step  3900     632s  loss 0.116  lr 0.00178
step  3925     636s  loss 0.113  lr 0.00177
step  3950     640s  loss 0.105  lr 0.00177
step  3975     644s  loss 0.113  lr 0.00176
step  4000     648s  loss 0.107  lr 0.00175
step  4025     652s  loss 0.106  lr 0.00174
step  4050     656s  loss 0.113  lr 0.00173
step  4075     660s  loss 0.108  lr 0.00173
step  4100     664s  loss 0.107  lr 0.00172
step  4125     668s  loss 0.109  lr 0.00171
step  4150     672s  loss 0.108  lr 0.00170
step  4175     676s  loss 0.109  lr 0.00170
step  4200     680s  loss 0.110  lr 0.00169
step  4225     684s  loss 0.103  lr 0.00168
step  4250     688s  loss 0.101  lr 0.00167
step  4275     692s  loss 0.106  lr 0.00166
step  4300     696s  loss 0.111  lr 0.00166
step  4325     700s  loss 0.103  lr 0.00165
step  4350     704s  loss 0.104  lr 0.00164
step  4375     708s  loss 0.106  lr 0.00163
step  4400     712s  loss 0.105  lr 0.00163
step  4425     717s  loss 0.102  lr 0.00162
step  4450     721s  loss 0.101  lr 0.00161
step  4475     724s  loss 0.100  lr 0.00160
step  4500     729s  loss 0.102  lr 0.00159
step  4525     733s  loss 0.103  lr 0.00159
step  4550     737s  loss 0.100  lr 0.00158
step  4575     741s  loss 0.099  lr 0.00157
step  4600     745s  loss 0.105  lr 0.00156
step  4625     749s  loss 0.098  lr 0.00155
step  4650     753s  loss 0.100  lr 0.00155
step  4675     757s  loss 0.102  lr 0.00154
step  4700     761s  loss 0.101  lr 0.00153
step  4725     765s  loss 0.101  lr 0.00152
step  4750     769s  loss 0.101  lr 0.00152
step  4775     773s  loss 0.101  lr 0.00151
step  4800     777s  loss 0.102  lr 0.00150
step  4825     781s  loss 0.100  lr 0.00149
step  4850     785s  loss 0.099  lr 0.00148
step  4875     789s  loss 0.100  lr 0.00148
step  4900     793s  loss 0.096  lr 0.00147
step  4925     797s  loss 0.102  lr 0.00146
step  4950     801s  loss 0.102  lr 0.00145
step  4975     805s  loss 0.104  lr 0.00145
step  5000     809s  loss 0.100  lr 0.00144
step  5025     814s  loss 0.100  lr 0.00143
step  5050     818s  loss 0.095  lr 0.00142
step  5075     821s  loss 0.101  lr 0.00141
step  5100     826s  loss 0.099  lr 0.00141
step  5125     830s  loss 0.104  lr 0.00140
step  5150     834s  loss 0.093  lr 0.00139
step  5175     838s  loss 0.094  lr 0.00138
step  5200     842s  loss 0.095  lr 0.00138
step  5225     846s  loss 0.101  lr 0.00137
step  5250     850s  loss 0.101  lr 0.00136
step  5275     854s  loss 0.098  lr 0.00135
step  5300     858s  loss 0.097  lr 0.00134
step  5325     862s  loss 0.098  lr 0.00134
step  5350     866s  loss 0.096  lr 0.00133
step  5375     870s  loss 0.094  lr 0.00132
step  5400     874s  loss 0.094  lr 0.00131
step  5425     878s  loss 0.094  lr 0.00131
step  5450     882s  loss 0.094  lr 0.00130
step  5475     886s  loss 0.094  lr 0.00129
step  5500     890s  loss 0.094  lr 0.00128
step  5525     894s  loss 0.093  lr 0.00127
step  5550     898s  loss 0.091  lr 0.00127
step  5575     902s  loss 0.093  lr 0.00126
step  5600     906s  loss 0.092  lr 0.00125
step  5625     910s  loss 0.092  lr 0.00124
step  5650     914s  loss 0.092  lr 0.00123
step  5675     918s  loss 0.088  lr 0.00123
step  5700     923s  loss 0.088  lr 0.00122
step  5725     926s  loss 0.088  lr 0.00121
step  5750     930s  loss 0.091  lr 0.00120
step  5775     935s  loss 0.087  lr 0.00120
step  5800     939s  loss 0.087  lr 0.00119
step  5825     943s  loss 0.091  lr 0.00118
step  5850     946s  loss 0.090  lr 0.00117
step  5875     951s  loss 0.095  lr 0.00116
step  5900     955s  loss 0.088  lr 0.00116
step  5925     958s  loss 0.087  lr 0.00115
step  5950     963s  loss 0.090  lr 0.00114
step  5975     967s  loss 0.091  lr 0.00113
step  6000     970s  loss 0.089  lr 0.00113
step  6025     974s  loss 0.091  lr 0.00112
step  6050     979s  loss 0.091  lr 0.00111
step  6075     982s  loss 0.091  lr 0.00110
step  6100     986s  loss 0.090  lr 0.00109
step  6125     991s  loss 0.090  lr 0.00109
step  6150     995s  loss 0.088  lr 0.00108
step  6175     999s  loss 0.090  lr 0.00107
step  6200    1003s  loss 0.088  lr 0.00106
step  6225    1007s  loss 0.086  lr 0.00106
step  6250    1011s  loss 0.087  lr 0.00105
step  6275    1015s  loss 0.088  lr 0.00104
step  6300    1019s  loss 0.090  lr 0.00103
step  6325    1023s  loss 0.090  lr 0.00102
step  6350    1027s  loss 0.086  lr 0.00102
step  6375    1031s  loss 0.086  lr 0.00101
step  6400    1035s  loss 0.092  lr 0.00100
step  6425    1039s  loss 0.085  lr 0.00099
step  6450    1043s  loss 0.086  lr 0.00098
step  6475    1048s  loss 0.083  lr 0.00098
step  6500    1052s  loss 0.081  lr 0.00097
step  6525    1055s  loss 0.082  lr 0.00096
step  6550    1060s  loss 0.089  lr 0.00095
step  6575    1064s  loss 0.088  lr 0.00095
step  6600    1068s  loss 0.088  lr 0.00094
step  6625    1072s  loss 0.085  lr 0.00093
step  6650    1076s  loss 0.084  lr 0.00092
step  6675    1080s  loss 0.081  lr 0.00091
step  6700    1084s  loss 0.081  lr 0.00091
step  6725    1088s  loss 0.080  lr 0.00090
step  6750    1092s  loss 0.083  lr 0.00089
step  6775    1096s  loss 0.080  lr 0.00088
step  6800    1100s  loss 0.084  lr 0.00088
step  6825    1104s  loss 0.081  lr 0.00087
step  6850    1108s  loss 0.082  lr 0.00086
step  6875    1112s  loss 0.086  lr 0.00085
step  6900    1116s  loss 0.085  lr 0.00084
step  6925    1120s  loss 0.088  lr 0.00084
step  6950    1124s  loss 0.082  lr 0.00083
step  6975    1128s  loss 0.081  lr 0.00082
step  7000    1132s  loss 0.085  lr 0.00081
step  7025    1136s  loss 0.084  lr 0.00080
step  7050    1140s  loss 0.085  lr 0.00080
step  7075    1144s  loss 0.083  lr 0.00079
step  7100    1148s  loss 0.080  lr 0.00078
step  7125    1152s  loss 0.080  lr 0.00077
step  7150    1156s  loss 0.082  lr 0.00077
step  7175    1160s  loss 0.082  lr 0.00076
step  7200    1164s  loss 0.082  lr 0.00075
step  7225    1168s  loss 0.083  lr 0.00074
step  7250    1172s  loss 0.082  lr 0.00073
step  7275    1176s  loss 0.082  lr 0.00073
step  7300    1180s  loss 0.081  lr 0.00072
step  7325    1184s  loss 0.081  lr 0.00071
step  7350    1188s  loss 0.081  lr 0.00070
step  7375    1192s  loss 0.082  lr 0.00070
step  7400    1196s  loss 0.080  lr 0.00069
step  7425    1200s  loss 0.079  lr 0.00068
step  7450    1204s  loss 0.080  lr 0.00067
step  7475    1208s  loss 0.082  lr 0.00066
step  7500    1213s  loss 0.080  lr 0.00066
step  7525    1216s  loss 0.077  lr 0.00065
step  7550    1220s  loss 0.076  lr 0.00064
step  7575    1224s  loss 0.079  lr 0.00063
step  7600    1228s  loss 0.076  lr 0.00063
step  7625    1232s  loss 0.078  lr 0.00062
step  7650    1236s  loss 0.078  lr 0.00061
step  7675    1241s  loss 0.080  lr 0.00060
step  7700    1245s  loss 0.077  lr 0.00059
step  7725    1248s  loss 0.078  lr 0.00059
step  7750    1253s  loss 0.076  lr 0.00058
step  7775    1257s  loss 0.081  lr 0.00057
step  7800    1260s  loss 0.079  lr 0.00056
step  7825    1264s  loss 0.077  lr 0.00056
step  7850    1269s  loss 0.077  lr 0.00055
step  7875    1272s  loss 0.076  lr 0.00054
step  7900    1276s  loss 0.074  lr 0.00053
step  7925    1281s  loss 0.078  lr 0.00052
step  7950    1285s  loss 0.078  lr 0.00052
step  7975    1288s  loss 0.076  lr 0.00051
step  8000    1292s  loss 0.078  lr 0.00050
step  8025    1297s  loss 0.079  lr 0.00049
step  8050    1301s  loss 0.077  lr 0.00048
step  8075    1304s  loss 0.077  lr 0.00048
step  8100    1309s  loss 0.075  lr 0.00047
step  8125    1313s  loss 0.075  lr 0.00046
step  8150    1317s  loss 0.077  lr 0.00045
step  8175    1321s  loss 0.074  lr 0.00045
step  8200    1325s  loss 0.076  lr 0.00044
step  8225    1329s  loss 0.076  lr 0.00043
step  8250    1332s  loss 0.077  lr 0.00042
step  8275    1337s  loss 0.076  lr 0.00041
step  8300    1341s  loss 0.075  lr 0.00041
step  8325    1344s  loss 0.075  lr 0.00040
step  8350    1348s  loss 0.078  lr 0.00039
step  8375    1353s  loss 0.077  lr 0.00038
step  8400    1356s  loss 0.073  lr 0.00038
step  8425    1360s  loss 0.070  lr 0.00037
step  8450    1365s  loss 0.072  lr 0.00036
step  8475    1368s  loss 0.073  lr 0.00035
step  8500    1372s  loss 0.074  lr 0.00034
step  8525    1376s  loss 0.077  lr 0.00034
step  8550    1381s  loss 0.073  lr 0.00033
step  8575    1384s  loss 0.069  lr 0.00032
step  8600    1388s  loss 0.073  lr 0.00031
step  8625    1393s  loss 0.075  lr 0.00031
step  8650    1396s  loss 0.075  lr 0.00030
step  8675    1400s  loss 0.072  lr 0.00029
step  8700    1404s  loss 0.074  lr 0.00028
step  8725    1408s  loss 0.073  lr 0.00027
step  8750    1412s  loss 0.074  lr 0.00027
step  8775    1416s  loss 0.077  lr 0.00026
step  8800    1421s  loss 0.071  lr 0.00025
step  8825    1424s  loss 0.071  lr 0.00024
step  8850    1428s  loss 0.074  lr 0.00023
step  8875    1432s  loss 0.071  lr 0.00023
step  8900    1436s  loss 0.072  lr 0.00022
step  8925    1440s  loss 0.074  lr 0.00021
step  8950    1444s  loss 0.072  lr 0.00020
step  8975    1448s  loss 0.073  lr 0.00020
step  9000    1452s  loss 0.072  lr 0.00019
step  9025    1456s  loss 0.069  lr 0.00018
step  9050    1460s  loss 0.074  lr 0.00017
step  9075    1464s  loss 0.073  lr 0.00016
step  9100    1468s  loss 0.072  lr 0.00016
step  9125    1472s  loss 0.069  lr 0.00015
step  9150    1476s  loss 0.073  lr 0.00015
step  9175    1480s  loss 0.070  lr 0.00015
step  9200    1484s  loss 0.071  lr 0.00015
step  9225    1488s  loss 0.074  lr 0.00015
step  9250    1492s  loss 0.070  lr 0.00015
step  9275    1496s  loss 0.073  lr 0.00015
step  9300    1500s  loss 0.070  lr 0.00015
step  9325    1504s  loss 0.072  lr 0.00015
step  9350    1508s  loss 0.070  lr 0.00015
step  9375    1512s  loss 0.072  lr 0.00015
step  9400    1517s  loss 0.071  lr 0.00015
step  9425    1520s  loss 0.069  lr 0.00015
step  9450    1524s  loss 0.072  lr 0.00015
step  9475    1528s  loss 0.072  lr 0.00015
step  9500    1532s  loss 0.071  lr 0.00015
step  9525    1536s  loss 0.069  lr 0.00015
step  9550    1540s  loss 0.071  lr 0.00015
step  9575    1545s  loss 0.071  lr 0.00015
step  9600    1548s  loss 0.073  lr 0.00015
saved checkpoints/range_unet_semantickitti.pt (9600 steps, 1549s)
val mIoU 0.628  moving IoU 0.3980572649137975
  0–10 m    mIoU 0.6719053356884458
  10–25 m   mIoU 0.5923286545782338
  25–50 m   mIoU 0.45145886368630744
  50–100 m  mIoU 0.20256364909831248
  road                   IoU 0.9088  recall 0.9399  points  8844442  confused with: sidewalk 4%, parking 1%
  sidewalk               IoU 0.7407  recall 0.8562  points  6071493  confused with: terrain 5%, road 3%
  parking                IoU 0.3031  recall 0.4492  points   610017  confused with: sidewalk 33%, road 15%
  terrain                IoU 0.6843  recall 0.7677  points  6417970  confused with: vegetation 15%, sidewalk 5%
  vegetation             IoU 0.7882  recall 0.9056  points 15173471  confused with: building 4%, terrain 2%
  building               IoU 0.7167  recall 0.8026  points  7888002  confused with: vegetation 14%, vehicle 3%
  pole                   IoU 0.2918  recall 0.7362  points   205512  confused with: vegetation 16%, building 6%
  vehicle                IoU 0.8098  recall 0.9484  points  3413366  confused with: building 3%, vegetation 1%
  person                 IoU 0.4047  recall 0.6545  points    81493  confused with: vegetation 13%, building 11%
