preparing 3834 training frames
prepared 250/3834 frames
prepared 500/3834 frames
prepared 750/3834 frames
prepared 1000/3834 frames
prepared 1250/3834 frames
prepared 1500/3834 frames
prepared 1750/3834 frames
prepared 2000/3834 frames
prepared 2250/3834 frames
prepared 2500/3834 frames
prepared 2750/3834 frames
prepared 3000/3834 frames
prepared 3250/3834 frames
semantickitti: 3834 training frames, range image 64 x 1024, device cuda
training pixels by class: road 21.96%, sidewalk 17.24%, parking 1.74%, terrain 7.47%, vegetation 25.04%, building 20.63%, pole 0.39%, vehicle 5.47%, person 0.06%
network widths (32, 64, 128, 192), 1,304,586 parameters
checkpoints/range_unet.pt has widths (16, 32, 64, 96), not (32, 64, 128, 192): training from scratch
step    25       7s  loss 0.746  lr 0.00150
step    50      13s  loss 0.516  lr 0.00299
step    75      17s  loss 0.379  lr 0.00299
step   100      23s  loss 0.324  lr 0.00298
step   125      27s  loss 0.318  lr 0.00298
step   150      32s  loss 0.299  lr 0.00298
step   175      36s  loss 0.282  lr 0.00297
step   200      40s  loss 0.279  lr 0.00297
step   225      44s  loss 0.304  lr 0.00296
step   250      48s  loss 0.280  lr 0.00296
step   275      53s  loss 0.270  lr 0.00296
step   300      56s  loss 0.247  lr 0.00295
step   325      60s  loss 0.239  lr 0.00295
step   350      64s  loss 0.238  lr 0.00295
step   375      68s  loss 0.237  lr 0.00294
step   400      72s  loss 0.227  lr 0.00294
step   425      76s  loss 0.228  lr 0.00293
step   450      80s  loss 0.219  lr 0.00293
step   475      83s  loss 0.226  lr 0.00293
step   500      87s  loss 0.234  lr 0.00292
step   525      91s  loss 0.232  lr 0.00292
step   550      95s  loss 0.222  lr 0.00291
step   575      99s  loss 0.241  lr 0.00291
step   600     102s  loss 0.224  lr 0.00291
step   625     106s  loss 0.218  lr 0.00290
step   650     110s  loss 0.209  lr 0.00290
step   675     113s  loss 0.203  lr 0.00289
step   700     117s  loss 0.205  lr 0.00289
step   725     121s  loss 0.219  lr 0.00289
step   750     124s  loss 0.227  lr 0.00288
step   775     128s  loss 0.200  lr 0.00288
step   800     132s  loss 0.209  lr 0.00287
step   825     136s  loss 0.210  lr 0.00287
step   850     139s  loss 0.201  lr 0.00287
step   875     143s  loss 0.197  lr 0.00286
step   900     147s  loss 0.202  lr 0.00286
step   925     150s  loss 0.209  lr 0.00286
step   950     154s  loss 0.203  lr 0.00285
step   975     157s  loss 0.214  lr 0.00285
step  1000     161s  loss 0.195  lr 0.00284
step  1025     165s  loss 0.196  lr 0.00284
step  1050     168s  loss 0.186  lr 0.00284
step  1075     172s  loss 0.181  lr 0.00283
step  1100     176s  loss 0.179  lr 0.00283
step  1125     179s  loss 0.182  lr 0.00282
step  1150     183s  loss 0.182  lr 0.00282
step  1175     187s  loss 0.180  lr 0.00282
step  1200     190s  loss 0.181  lr 0.00281
step  1225     194s  loss 0.178  lr 0.00281
step  1250     197s  loss 0.188  lr 0.00280
step  1275     201s  loss 0.173  lr 0.00280
step  1300     205s  loss 0.176  lr 0.00280
step  1325     208s  loss 0.168  lr 0.00279
step  1350     212s  loss 0.170  lr 0.00279
step  1375     216s  loss 0.174  lr 0.00278
step  1400     219s  loss 0.160  lr 0.00278
step  1425     223s  loss 0.182  lr 0.00278
step  1450     226s  loss 0.176  lr 0.00277
step  1475     230s  loss 0.166  lr 0.00277
step  1500     234s  loss 0.184  lr 0.00277
step  1525     237s  loss 0.172  lr 0.00276
step  1550     241s  loss 0.160  lr 0.00276
step  1575     245s  loss 0.159  lr 0.00275
step  1600     248s  loss 0.162  lr 0.00275
step  1625     252s  loss 0.161  lr 0.00275
step  1650     255s  loss 0.174  lr 0.00274
step  1675     259s  loss 0.175  lr 0.00274
step  1700     263s  loss 0.164  lr 0.00273
step  1725     266s  loss 0.155  lr 0.00273
step  1750     270s  loss 0.170  lr 0.00273
step  1775     274s  loss 0.151  lr 0.00272
step  1800     277s  loss 0.166  lr 0.00272
step  1825     281s  loss 0.153  lr 0.00271
step  1850     285s  loss 0.163  lr 0.00271
step  1875     288s  loss 0.160  lr 0.00271
step  1900     292s  loss 0.141  lr 0.00270
step  1925     295s  loss 0.159  lr 0.00270
step  1950     299s  loss 0.159  lr 0.00269
step  1975     303s  loss 0.146  lr 0.00269
step  2000     306s  loss 0.158  lr 0.00269
step  2025     310s  loss 0.158  lr 0.00268
step  2050     314s  loss 0.153  lr 0.00268
step  2075     317s  loss 0.153  lr 0.00268
step  2100     321s  loss 0.159  lr 0.00267
step  2125     324s  loss 0.145  lr 0.00267
step  2150     328s  loss 0.148  lr 0.00266
step  2175     332s  loss 0.146  lr 0.00266
step  2200     335s  loss 0.142  lr 0.00266
step  2225     339s  loss 0.146  lr 0.00265
step  2250     343s  loss 0.146  lr 0.00265
step  2275     346s  loss 0.151  lr 0.00264
step  2300     350s  loss 0.150  lr 0.00264
step  2325     353s  loss 0.143  lr 0.00264
step  2350     357s  loss 0.141  lr 0.00263
step  2375     361s  loss 0.134  lr 0.00263
step  2400     364s  loss 0.142  lr 0.00262
step  2425     368s  loss 0.134  lr 0.00262
step  2450     372s  loss 0.157  lr 0.00262
step  2475     375s  loss 0.143  lr 0.00261
step  2500     379s  loss 0.133  lr 0.00261
step  2525     383s  loss 0.139  lr 0.00260
step  2550     386s  loss 0.138  lr 0.00260
step  2575     390s  loss 0.124  lr 0.00260
step  2600     393s  loss 0.133  lr 0.00259
step  2625     397s  loss 0.126  lr 0.00259
step  2650     400s  loss 0.140  lr 0.00259
step  2675     404s  loss 0.133  lr 0.00258
step  2700     408s  loss 0.136  lr 0.00258
step  2725     411s  loss 0.139  lr 0.00257
step  2750     415s  loss 0.137  lr 0.00257
step  2775     418s  loss 0.136  lr 0.00257
step  2800     422s  loss 0.144  lr 0.00256
step  2825     426s  loss 0.139  lr 0.00256
step  2850     429s  loss 0.139  lr 0.00255
step  2875     433s  loss 0.138  lr 0.00255
step  2900     437s  loss 0.141  lr 0.00255
step  2925     440s  loss 0.135  lr 0.00254
step  2950     444s  loss 0.123  lr 0.00254
step  2975     447s  loss 0.130  lr 0.00253
step  3000     451s  loss 0.125  lr 0.00253
step  3025     455s  loss 0.125  lr 0.00253
step  3050     458s  loss 0.136  lr 0.00252
step  3075     462s  loss 0.146  lr 0.00252
step  3100     465s  loss 0.147  lr 0.00251
step  3125     469s  loss 0.131  lr 0.00251
step  3150     472s  loss 0.133  lr 0.00251
step  3175     476s  loss 0.131  lr 0.00250
step  3200     480s  loss 0.127  lr 0.00250
step  3225     484s  loss 0.124  lr 0.00250
step  3250     487s  loss 0.127  lr 0.00249
step  3275     491s  loss 0.130  lr 0.00249
step  3300     494s  loss 0.120  lr 0.00248
step  3325     498s  loss 0.125  lr 0.00248
step  3350     501s  loss 0.124  lr 0.00248
step  3375     505s  loss 0.114  lr 0.00247
step  3400     509s  loss 0.112  lr 0.00247
step  3425     513s  loss 0.127  lr 0.00246
step  3450     516s  loss 0.121  lr 0.00246
step  3475     520s  loss 0.116  lr 0.00246
step  3500     524s  loss 0.120  lr 0.00245
step  3525     527s  loss 0.122  lr 0.00245
step  3550     531s  loss 0.129  lr 0.00244
step  3575     535s  loss 0.122  lr 0.00244
step  3600     538s  loss 0.118  lr 0.00244
step  3625     542s  loss 0.119  lr 0.00243
step  3650     545s  loss 0.129  lr 0.00243
step  3675     549s  loss 0.129  lr 0.00242
step  3700     553s  loss 0.124  lr 0.00242
step  3725     556s  loss 0.119  lr 0.00242
step  3750     560s  loss 0.121  lr 0.00241
step  3775     564s  loss 0.121  lr 0.00241
step  3800     567s  loss 0.118  lr 0.00241
step  3825     571s  loss 0.120  lr 0.00240
step  3850     574s  loss 0.121  lr 0.00240
step  3875     578s  loss 0.115  lr 0.00239
step  3900     582s  loss 0.113  lr 0.00239
step  3925     585s  loss 0.118  lr 0.00239
step  3950     589s  loss 0.118  lr 0.00238
step  3975     592s  loss 0.122  lr 0.00238
step  4000     596s  loss 0.126  lr 0.00237
step  4025     599s  loss 0.116  lr 0.00237
step  4050     603s  loss 0.108  lr 0.00237
step  4075     607s  loss 0.115  lr 0.00236
step  4100     610s  loss 0.116  lr 0.00236
step  4125     614s  loss 0.122  lr 0.00235
step  4150     618s  loss 0.120  lr 0.00235
step  4175     621s  loss 0.117  lr 0.00235
step  4200     625s  loss 0.118  lr 0.00234
step  4225     628s  loss 0.119  lr 0.00234
step  4250     632s  loss 0.111  lr 0.00233
step  4275     636s  loss 0.116  lr 0.00233
step  4300     639s  loss 0.107  lr 0.00233
step  4325     643s  loss 0.117  lr 0.00232
step  4350     647s  loss 0.119  lr 0.00232
step  4375     650s  loss 0.120  lr 0.00232
step  4400     654s  loss 0.117  lr 0.00231
step  4425     658s  loss 0.119  lr 0.00231
step  4450     661s  loss 0.113  lr 0.00230
step  4475     665s  loss 0.113  lr 0.00230
step  4500     668s  loss 0.111  lr 0.00230
step  4525     672s  loss 0.126  lr 0.00229
step  4550     676s  loss 0.112  lr 0.00229
step  4575     679s  loss 0.119  lr 0.00228
step  4600     683s  loss 0.115  lr 0.00228
step  4625     687s  loss 0.116  lr 0.00228
step  4650     690s  loss 0.119  lr 0.00227
step  4675     694s  loss 0.104  lr 0.00227
step  4700     697s  loss 0.108  lr 0.00226
step  4725     701s  loss 0.111  lr 0.00226
step  4750     705s  loss 0.105  lr 0.00226
step  4775     708s  loss 0.102  lr 0.00225
step  4800     712s  loss 0.104  lr 0.00225
step  4825     716s  loss 0.114  lr 0.00224
step  4850     719s  loss 0.104  lr 0.00224
step  4875     723s  loss 0.117  lr 0.00224
step  4900     727s  loss 0.102  lr 0.00223
step  4925     730s  loss 0.106  lr 0.00223
step  4950     734s  loss 0.110  lr 0.00223
step  4975     737s  loss 0.103  lr 0.00222
step  5000     741s  loss 0.106  lr 0.00222
step  5025     745s  loss 0.105  lr 0.00221
step  5050     748s  loss 0.114  lr 0.00221
step  5075     752s  loss 0.109  lr 0.00221
step  5100     756s  loss 0.102  lr 0.00220
step  5125     759s  loss 0.108  lr 0.00220
step  5150     763s  loss 0.109  lr 0.00219
step  5175     767s  loss 0.097  lr 0.00219
step  5200     770s  loss 0.098  lr 0.00219
step  5225     774s  loss 0.104  lr 0.00218
step  5250     777s  loss 0.109  lr 0.00218
step  5275     781s  loss 0.112  lr 0.00217
step  5300     785s  loss 0.101  lr 0.00217
step  5325     788s  loss 0.097  lr 0.00217
step  5350     792s  loss 0.103  lr 0.00216
step  5375     796s  loss 0.109  lr 0.00216
step  5400     799s  loss 0.110  lr 0.00215
step  5425     803s  loss 0.102  lr 0.00215
step  5450     806s  loss 0.102  lr 0.00215
step  5475     810s  loss 0.101  lr 0.00214
step  5500     814s  loss 0.098  lr 0.00214
step  5525     817s  loss 0.100  lr 0.00214
step  5550     821s  loss 0.098  lr 0.00213
step  5575     825s  loss 0.110  lr 0.00213
step  5600     828s  loss 0.102  lr 0.00212
step  5625     832s  loss 0.102  lr 0.00212
step  5650     835s  loss 0.101  lr 0.00212
step  5675     839s  loss 0.106  lr 0.00211
step  5700     843s  loss 0.101  lr 0.00211
step  5725     846s  loss 0.109  lr 0.00210
step  5750     850s  loss 0.104  lr 0.00210
step  5775     854s  loss 0.098  lr 0.00210
step  5800     857s  loss 0.107  lr 0.00209
step  5825     861s  loss 0.102  lr 0.00209
step  5850     864s  loss 0.097  lr 0.00208
step  5875     868s  loss 0.095  lr 0.00208
step  5900     872s  loss 0.095  lr 0.00208
step  5925     875s  loss 0.100  lr 0.00207
step  5950     879s  loss 0.092  lr 0.00207
step  5975     882s  loss 0.096  lr 0.00206
step  6000     886s  loss 0.100  lr 0.00206
step  6025     889s  loss 0.096  lr 0.00206
step  6050     893s  loss 0.103  lr 0.00205
step  6075     897s  loss 0.095  lr 0.00205
step  6100     900s  loss 0.099  lr 0.00205
step  6125     904s  loss 0.097  lr 0.00204
step  6150     908s  loss 0.099  lr 0.00204
step  6175     911s  loss 0.104  lr 0.00203
step  6200     915s  loss 0.091  lr 0.00203
step  6225     919s  loss 0.099  lr 0.00203
step  6250     922s  loss 0.096  lr 0.00202
step  6275     926s  loss 0.100  lr 0.00202
step  6300     929s  loss 0.099  lr 0.00201
step  6325     933s  loss 0.096  lr 0.00201
step  6350     937s  loss 0.095  lr 0.00201
step  6375     940s  loss 0.095  lr 0.00200
step  6400     944s  loss 0.098  lr 0.00200
step  6425     948s  loss 0.103  lr 0.00199
step  6450     951s  loss 0.097  lr 0.00199
step  6475     955s  loss 0.095  lr 0.00199
step  6500     958s  loss 0.102  lr 0.00198
step  6525     962s  loss 0.093  lr 0.00198
step  6550     966s  loss 0.096  lr 0.00197
step  6575     969s  loss 0.092  lr 0.00197
step  6600     973s  loss 0.093  lr 0.00197
step  6625     977s  loss 0.097  lr 0.00196
step  6650     980s  loss 0.093  lr 0.00196
step  6675     984s  loss 0.093  lr 0.00196
step  6700     987s  loss 0.093  lr 0.00195
step  6725     991s  loss 0.099  lr 0.00195
step  6750     995s  loss 0.093  lr 0.00194
step  6775     998s  loss 0.097  lr 0.00194
step  6800    1002s  loss 0.092  lr 0.00194
step  6825    1006s  loss 0.090  lr 0.00193
step  6850    1010s  loss 0.090  lr 0.00193
step  6875    1013s  loss 0.102  lr 0.00192
step  6900    1017s  loss 0.099  lr 0.00192
step  6925    1020s  loss 0.093  lr 0.00192
step  6950    1024s  loss 0.095  lr 0.00191
step  6975    1027s  loss 0.089  lr 0.00191
step  7000    1031s  loss 0.090  lr 0.00190
step  7025    1035s  loss 0.092  lr 0.00190
step  7050    1038s  loss 0.091  lr 0.00190
step  7075    1042s  loss 0.089  lr 0.00189
step  7100    1046s  loss 0.089  lr 0.00189
step  7125    1049s  loss 0.085  lr 0.00188
step  7150    1053s  loss 0.091  lr 0.00188
step  7175    1056s  loss 0.094  lr 0.00188
step  7200    1060s  loss 0.087  lr 0.00187
step  7225    1064s  loss 0.089  lr 0.00187
step  7250    1067s  loss 0.092  lr 0.00186
step  7275    1071s  loss 0.088  lr 0.00186
step  7300    1075s  loss 0.090  lr 0.00186
step  7325    1078s  loss 0.087  lr 0.00185
step  7350    1082s  loss 0.091  lr 0.00185
step  7375    1085s  loss 0.085  lr 0.00185
step  7400    1089s  loss 0.088  lr 0.00184
step  7425    1092s  loss 0.090  lr 0.00184
step  7450    1096s  loss 0.088  lr 0.00183
step  7475    1100s  loss 0.091  lr 0.00183
step  7500    1103s  loss 0.091  lr 0.00183
step  7525    1107s  loss 0.092  lr 0.00182
step  7550    1110s  loss 0.092  lr 0.00182
step  7575    1114s  loss 0.084  lr 0.00181
step  7600    1118s  loss 0.084  lr 0.00181
step  7625    1121s  loss 0.087  lr 0.00181
step  7650    1125s  loss 0.086  lr 0.00180
step  7675    1129s  loss 0.085  lr 0.00180
step  7700    1132s  loss 0.090  lr 0.00179
step  7725    1136s  loss 0.090  lr 0.00179
step  7750    1139s  loss 0.091  lr 0.00179
step  7775    1143s  loss 0.090  lr 0.00178
step  7800    1147s  loss 0.085  lr 0.00178
step  7825    1150s  loss 0.087  lr 0.00177
step  7850    1154s  loss 0.094  lr 0.00177
step  7875    1158s  loss 0.090  lr 0.00177
step  7900    1161s  loss 0.085  lr 0.00176
step  7925    1165s  loss 0.086  lr 0.00176
step  7950    1168s  loss 0.088  lr 0.00176
step  7975    1172s  loss 0.089  lr 0.00175
step  8000    1176s  loss 0.089  lr 0.00175
step  8025    1179s  loss 0.095  lr 0.00174
step  8050    1183s  loss 0.087  lr 0.00174
step  8075    1187s  loss 0.088  lr 0.00174
step  8100    1190s  loss 0.087  lr 0.00173
step  8125    1194s  loss 0.085  lr 0.00173
step  8150    1197s  loss 0.088  lr 0.00172
step  8175    1201s  loss 0.094  lr 0.00172
step  8200    1205s  loss 0.093  lr 0.00172
step  8225    1208s  loss 0.088  lr 0.00171
step  8250    1212s  loss 0.089  lr 0.00171
step  8275    1215s  loss 0.085  lr 0.00170
step  8300    1219s  loss 0.087  lr 0.00170
step  8325    1222s  loss 0.087  lr 0.00170
step  8350    1226s  loss 0.085  lr 0.00169
step  8375    1230s  loss 0.085  lr 0.00169
step  8400    1233s  loss 0.086  lr 0.00168
step  8425    1237s  loss 0.086  lr 0.00168
step  8450    1241s  loss 0.087  lr 0.00168
step  8475    1244s  loss 0.084  lr 0.00167
step  8500    1248s  loss 0.085  lr 0.00167
step  8525    1252s  loss 0.084  lr 0.00167
step  8550    1255s  loss 0.079  lr 0.00166
step  8575    1259s  loss 0.081  lr 0.00166
step  8600    1262s  loss 0.088  lr 0.00165
step  8625    1266s  loss 0.088  lr 0.00165
step  8650    1270s  loss 0.086  lr 0.00165
step  8675    1273s  loss 0.082  lr 0.00164
step  8700    1277s  loss 0.089  lr 0.00164
step  8725    1280s  loss 0.084  lr 0.00163
step  8750    1284s  loss 0.085  lr 0.00163
step  8775    1288s  loss 0.085  lr 0.00163
step  8800    1291s  loss 0.084  lr 0.00162
step  8825    1295s  loss 0.084  lr 0.00162
step  8850    1299s  loss 0.082  lr 0.00161
step  8875    1302s  loss 0.079  lr 0.00161
step  8900    1306s  loss 0.086  lr 0.00161
step  8925    1309s  loss 0.082  lr 0.00160
step  8950    1313s  loss 0.081  lr 0.00160
step  8975    1316s  loss 0.082  lr 0.00159
step  9000    1320s  loss 0.091  lr 0.00159
step  9025    1324s  loss 0.093  lr 0.00159
step  9050    1327s  loss 0.081  lr 0.00158
step  9075    1331s  loss 0.081  lr 0.00158
step  9100    1334s  loss 0.089  lr 0.00158
step  9125    1338s  loss 0.087  lr 0.00157
step  9150    1342s  loss 0.086  lr 0.00157
step  9175    1345s  loss 0.083  lr 0.00156
step  9200    1349s  loss 0.080  lr 0.00156
step  9225    1353s  loss 0.084  lr 0.00156
step  9250    1356s  loss 0.082  lr 0.00155
step  9275    1360s  loss 0.083  lr 0.00155
step  9300    1363s  loss 0.080  lr 0.00154
step  9325    1367s  loss 0.085  lr 0.00154
step  9350    1371s  loss 0.084  lr 0.00154
step  9375    1374s  loss 0.087  lr 0.00153
step  9400    1378s  loss 0.078  lr 0.00153
step  9425    1381s  loss 0.081  lr 0.00152
step  9450    1385s  loss 0.081  lr 0.00152
step  9475    1388s  loss 0.078  lr 0.00152
step  9500    1392s  loss 0.078  lr 0.00151
step  9525    1396s  loss 0.079  lr 0.00151
step  9550    1399s  loss 0.083  lr 0.00150
step  9575    1403s  loss 0.077  lr 0.00150
step  9600    1407s  loss 0.082  lr 0.00150
step  9625    1410s  loss 0.082  lr 0.00149
step  9650    1414s  loss 0.078  lr 0.00149
step  9675    1417s  loss 0.077  lr 0.00149
step  9700    1421s  loss 0.077  lr 0.00148
step  9725    1425s  loss 0.080  lr 0.00148
step  9750    1428s  loss 0.079  lr 0.00147
step  9775    1432s  loss 0.084  lr 0.00147
step  9800    1436s  loss 0.077  lr 0.00147
step  9825    1439s  loss 0.079  lr 0.00146
step  9850    1442s  loss 0.080  lr 0.00146
step  9875    1446s  loss 0.075  lr 0.00145
step  9900    1450s  loss 0.078  lr 0.00145
step  9925    1453s  loss 0.079  lr 0.00145
step  9950    1457s  loss 0.077  lr 0.00144
step  9975    1461s  loss 0.078  lr 0.00144
step 10000    1464s  loss 0.078  lr 0.00143
step 10025    1468s  loss 0.082  lr 0.00143
step 10050    1471s  loss 0.076  lr 0.00143
step 10075    1475s  loss 0.075  lr 0.00142
step 10100    1479s  loss 0.077  lr 0.00142
step 10125    1482s  loss 0.078  lr 0.00141
step 10150    1486s  loss 0.078  lr 0.00141
step 10175    1490s  loss 0.078  lr 0.00141
step 10200    1493s  loss 0.078  lr 0.00140
step 10225    1497s  loss 0.079  lr 0.00140
step 10250    1500s  loss 0.080  lr 0.00140
step 10275    1504s  loss 0.079  lr 0.00139
step 10300    1508s  loss 0.080  lr 0.00139
step 10325    1511s  loss 0.079  lr 0.00138
step 10350    1515s  loss 0.080  lr 0.00138
step 10375    1518s  loss 0.075  lr 0.00138
step 10400    1522s  loss 0.077  lr 0.00137
step 10425    1525s  loss 0.075  lr 0.00137
step 10450    1529s  loss 0.080  lr 0.00136
step 10475    1533s  loss 0.077  lr 0.00136
step 10500    1536s  loss 0.075  lr 0.00136
step 10525    1540s  loss 0.078  lr 0.00135
step 10550    1544s  loss 0.077  lr 0.00135
step 10575    1547s  loss 0.076  lr 0.00134
step 10600    1551s  loss 0.072  lr 0.00134
step 10625    1554s  loss 0.075  lr 0.00134
step 10650    1558s  loss 0.070  lr 0.00133
step 10675    1562s  loss 0.073  lr 0.00133
step 10700    1565s  loss 0.073  lr 0.00132
step 10725    1569s  loss 0.079  lr 0.00132
step 10750    1572s  loss 0.077  lr 0.00132
step 10775    1576s  loss 0.072  lr 0.00131
step 10800    1579s  loss 0.073  lr 0.00131
step 10825    1583s  loss 0.073  lr 0.00131
step 10850    1587s  loss 0.075  lr 0.00130
step 10875    1590s  loss 0.074  lr 0.00130
step 10900    1594s  loss 0.076  lr 0.00129
step 10925    1597s  loss 0.075  lr 0.00129
step 10950    1601s  loss 0.072  lr 0.00129
step 10975    1605s  loss 0.079  lr 0.00128
step 11000    1608s  loss 0.078  lr 0.00128
step 11025    1612s  loss 0.075  lr 0.00127
step 11050    1616s  loss 0.073  lr 0.00127
step 11075    1619s  loss 0.075  lr 0.00127
step 11100    1622s  loss 0.070  lr 0.00126
step 11125    1626s  loss 0.071  lr 0.00126
step 11150    1630s  loss 0.074  lr 0.00125
step 11175    1633s  loss 0.073  lr 0.00125
step 11200    1637s  loss 0.073  lr 0.00125
step 11225    1641s  loss 0.074  lr 0.00124
step 11250    1644s  loss 0.080  lr 0.00124
step 11275    1648s  loss 0.072  lr 0.00123
step 11300    1651s  loss 0.078  lr 0.00123
step 11325    1655s  loss 0.079  lr 0.00123
step 11350    1659s  loss 0.074  lr 0.00122
step 11375    1662s  loss 0.077  lr 0.00122
step 11400    1666s  loss 0.074  lr 0.00122
step 11425    1669s  loss 0.071  lr 0.00121
step 11450    1673s  loss 0.070  lr 0.00121
step 11475    1676s  loss 0.069  lr 0.00120
step 11500    1680s  loss 0.072  lr 0.00120
step 11525    1684s  loss 0.071  lr 0.00120
step 11550    1687s  loss 0.073  lr 0.00119
step 11575    1691s  loss 0.078  lr 0.00119
step 11600    1694s  loss 0.072  lr 0.00118
step 11625    1698s  loss 0.071  lr 0.00118
step 11650    1702s  loss 0.078  lr 0.00118
step 11675    1705s  loss 0.079  lr 0.00117
step 11700    1709s  loss 0.075  lr 0.00117
step 11725    1712s  loss 0.069  lr 0.00116
step 11750    1716s  loss 0.073  lr 0.00116
step 11775    1719s  loss 0.068  lr 0.00116
step 11800    1723s  loss 0.068  lr 0.00115
step 11825    1727s  loss 0.074  lr 0.00115
step 11850    1730s  loss 0.075  lr 0.00114
step 11875    1734s  loss 0.072  lr 0.00114
step 11900    1738s  loss 0.076  lr 0.00114
step 11925    1741s  loss 0.070  lr 0.00113
step 11950    1745s  loss 0.073  lr 0.00113
step 11975    1748s  loss 0.070  lr 0.00113
step 12000    1752s  loss 0.072  lr 0.00112
step 12025    1755s  loss 0.074  lr 0.00112
step 12050    1759s  loss 0.073  lr 0.00111
step 12075    1762s  loss 0.078  lr 0.00111
step 12100    1766s  loss 0.074  lr 0.00111
step 12125    1770s  loss 0.072  lr 0.00110
step 12150    1773s  loss 0.072  lr 0.00110
step 12175    1777s  loss 0.075  lr 0.00109
step 12200    1781s  loss 0.076  lr 0.00109
step 12225    1784s  loss 0.074  lr 0.00109
step 12250    1788s  loss 0.073  lr 0.00108
step 12275    1791s  loss 0.072  lr 0.00108
step 12300    1795s  loss 0.070  lr 0.00107
step 12325    1798s  loss 0.071  lr 0.00107
step 12350    1802s  loss 0.069  lr 0.00107
step 12375    1806s  loss 0.070  lr 0.00106
step 12400    1809s  loss 0.069  lr 0.00106
step 12425    1813s  loss 0.075  lr 0.00105
step 12450    1816s  loss 0.077  lr 0.00105
step 12475    1820s  loss 0.071  lr 0.00105
step 12500    1824s  loss 0.069  lr 0.00104
step 12525    1827s  loss 0.073  lr 0.00104
step 12550    1831s  loss 0.068  lr 0.00104
step 12575    1834s  loss 0.068  lr 0.00103
step 12600    1838s  loss 0.073  lr 0.00103
step 12625    1841s  loss 0.068  lr 0.00102
step 12650    1845s  loss 0.072  lr 0.00102
step 12675    1849s  loss 0.071  lr 0.00102
step 12700    1852s  loss 0.067  lr 0.00101
step 12725    1856s  loss 0.067  lr 0.00101
step 12750    1860s  loss 0.068  lr 0.00100
step 12775    1863s  loss 0.067  lr 0.00100
step 12800    1867s  loss 0.067  lr 0.00100
step 12825    1870s  loss 0.070  lr 0.00099
step 12850    1874s  loss 0.069  lr 0.00099
step 12875    1878s  loss 0.066  lr 0.00098
step 12900    1881s  loss 0.073  lr 0.00098
step 12925    1885s  loss 0.072  lr 0.00098
step 12950    1888s  loss 0.066  lr 0.00097
step 12975    1892s  loss 0.066  lr 0.00097
step 13000    1895s  loss 0.067  lr 0.00096
step 13025    1899s  loss 0.066  lr 0.00096
step 13050    1903s  loss 0.071  lr 0.00096
step 13075    1906s  loss 0.071  lr 0.00095
step 13100    1910s  loss 0.070  lr 0.00095
step 13125    1913s  loss 0.069  lr 0.00095
step 13150    1917s  loss 0.069  lr 0.00094
step 13175    1921s  loss 0.073  lr 0.00094
step 13200    1924s  loss 0.068  lr 0.00093
step 13225    1928s  loss 0.071  lr 0.00093
step 13250    1932s  loss 0.069  lr 0.00093
step 13275    1935s  loss 0.064  lr 0.00092
step 13300    1939s  loss 0.069  lr 0.00092
step 13325    1942s  loss 0.066  lr 0.00091
step 13350    1946s  loss 0.069  lr 0.00091
step 13375    1949s  loss 0.067  lr 0.00091
step 13400    1953s  loss 0.070  lr 0.00090
step 13425    1957s  loss 0.068  lr 0.00090
step 13450    1960s  loss 0.067  lr 0.00089
step 13475    1964s  loss 0.070  lr 0.00089
step 13500    1967s  loss 0.069  lr 0.00089
step 13525    1971s  loss 0.068  lr 0.00088
step 13550    1975s  loss 0.065  lr 0.00088
step 13575    1978s  loss 0.066  lr 0.00087
step 13600    1982s  loss 0.063  lr 0.00087
step 13625    1985s  loss 0.067  lr 0.00087
step 13650    1989s  loss 0.064  lr 0.00086
step 13675    1993s  loss 0.070  lr 0.00086
step 13700    1996s  loss 0.067  lr 0.00086
step 13725    2000s  loss 0.069  lr 0.00085
step 13750    2003s  loss 0.067  lr 0.00085
step 13775    2007s  loss 0.064  lr 0.00084
step 13800    2010s  loss 0.066  lr 0.00084
step 13825    2014s  loss 0.065  lr 0.00084
step 13850    2018s  loss 0.067  lr 0.00083
step 13875    2021s  loss 0.067  lr 0.00083
step 13900    2025s  loss 0.065  lr 0.00082
step 13925    2029s  loss 0.066  lr 0.00082
step 13950    2032s  loss 0.064  lr 0.00082
step 13975    2036s  loss 0.066  lr 0.00081
step 14000    2039s  loss 0.068  lr 0.00081
step 14025    2043s  loss 0.067  lr 0.00080
step 14050    2046s  loss 0.063  lr 0.00080
step 14075    2050s  loss 0.067  lr 0.00080
step 14100    2054s  loss 0.063  lr 0.00079
step 14125    2057s  loss 0.066  lr 0.00079
step 14150    2061s  loss 0.065  lr 0.00078
step 14175    2065s  loss 0.064  lr 0.00078
step 14200    2068s  loss 0.068  lr 0.00078
step 14225    2072s  loss 0.066  lr 0.00077
step 14250    2076s  loss 0.064  lr 0.00077
step 14275    2079s  loss 0.066  lr 0.00077
step 14300    2083s  loss 0.065  lr 0.00076
step 14325    2087s  loss 0.065  lr 0.00076
step 14350    2090s  loss 0.066  lr 0.00075
step 14375    2094s  loss 0.067  lr 0.00075
step 14400    2098s  loss 0.066  lr 0.00075
step 14425    2101s  loss 0.063  lr 0.00074
step 14450    2105s  loss 0.065  lr 0.00074
step 14475    2108s  loss 0.064  lr 0.00073
step 14500    2112s  loss 0.066  lr 0.00073
step 14525    2116s  loss 0.065  lr 0.00073
step 14550    2119s  loss 0.067  lr 0.00072
step 14575    2123s  loss 0.066  lr 0.00072
step 14600    2127s  loss 0.061  lr 0.00071
step 14625    2130s  loss 0.060  lr 0.00071
step 14650    2134s  loss 0.066  lr 0.00071
step 14675    2138s  loss 0.068  lr 0.00070
step 14700    2141s  loss 0.064  lr 0.00070
step 14725    2145s  loss 0.062  lr 0.00069
step 14750    2148s  loss 0.067  lr 0.00069
step 14775    2152s  loss 0.067  lr 0.00069
step 14800    2156s  loss 0.063  lr 0.00068
step 14825    2159s  loss 0.062  lr 0.00068
step 14850    2163s  loss 0.062  lr 0.00067
step 14875    2167s  loss 0.063  lr 0.00067
step 14900    2170s  loss 0.063  lr 0.00067
step 14925    2174s  loss 0.062  lr 0.00066
step 14950    2177s  loss 0.063  lr 0.00066
step 14975    2181s  loss 0.062  lr 0.00066
step 15000    2185s  loss 0.061  lr 0.00065
step 15025    2188s  loss 0.064  lr 0.00065
step 15050    2192s  loss 0.065  lr 0.00064
step 15075    2195s  loss 0.063  lr 0.00064
step 15100    2199s  loss 0.062  lr 0.00064
step 15125    2203s  loss 0.065  lr 0.00063
step 15150    2206s  loss 0.065  lr 0.00063
step 15175    2210s  loss 0.062  lr 0.00062
step 15200    2213s  loss 0.063  lr 0.00062
step 15225    2217s  loss 0.064  lr 0.00062
step 15250    2221s  loss 0.063  lr 0.00061
step 15275    2224s  loss 0.064  lr 0.00061
step 15300    2228s  loss 0.067  lr 0.00060
step 15325    2231s  loss 0.061  lr 0.00060
step 15350    2235s  loss 0.063  lr 0.00060
step 15375    2239s  loss 0.067  lr 0.00059
step 15400    2242s  loss 0.065  lr 0.00059
step 15425    2246s  loss 0.063  lr 0.00058
step 15450    2250s  loss 0.061  lr 0.00058
step 15475    2253s  loss 0.061  lr 0.00058
step 15500    2257s  loss 0.060  lr 0.00057
step 15525    2260s  loss 0.063  lr 0.00057
step 15550    2264s  loss 0.063  lr 0.00057
step 15575    2268s  loss 0.067  lr 0.00056
step 15600    2271s  loss 0.063  lr 0.00056
step 15625    2275s  loss 0.061  lr 0.00055
step 15650    2278s  loss 0.063  lr 0.00055
step 15675    2282s  loss 0.063  lr 0.00055
step 15700    2285s  loss 0.064  lr 0.00054
step 15725    2289s  loss 0.062  lr 0.00054
step 15750    2293s  loss 0.064  lr 0.00053
step 15775    2296s  loss 0.061  lr 0.00053
step 15800    2300s  loss 0.064  lr 0.00053
step 15825    2304s  loss 0.062  lr 0.00052
step 15850    2307s  loss 0.059  lr 0.00052
step 15875    2311s  loss 0.063  lr 0.00051
step 15900    2314s  loss 0.061  lr 0.00051
step 15925    2318s  loss 0.063  lr 0.00051
step 15950    2322s  loss 0.062  lr 0.00050
step 15975    2325s  loss 0.062  lr 0.00050
step 16000    2329s  loss 0.062  lr 0.00049
step 16025    2333s  loss 0.064  lr 0.00049
step 16050    2336s  loss 0.060  lr 0.00049
step 16075    2340s  loss 0.058  lr 0.00048
step 16100    2343s  loss 0.061  lr 0.00048
step 16125    2347s  loss 0.061  lr 0.00048
step 16150    2351s  loss 0.061  lr 0.00047
step 16175    2354s  loss 0.061  lr 0.00047
step 16200    2358s  loss 0.060  lr 0.00046
step 16225    2361s  loss 0.062  lr 0.00046
step 16250    2365s  loss 0.062  lr 0.00046
step 16275    2368s  loss 0.061  lr 0.00045
step 16300    2372s  loss 0.061  lr 0.00045
step 16325    2376s  loss 0.061  lr 0.00044
step 16350    2379s  loss 0.059  lr 0.00044
step 16375    2383s  loss 0.058  lr 0.00044
step 16400    2387s  loss 0.060  lr 0.00043
step 16425    2390s  loss 0.061  lr 0.00043
step 16450    2394s  loss 0.057  lr 0.00042
step 16475    2397s  loss 0.062  lr 0.00042
step 16500    2401s  loss 0.061  lr 0.00042
step 16525    2405s  loss 0.061  lr 0.00041
step 16550    2408s  loss 0.060  lr 0.00041
step 16575    2412s  loss 0.061  lr 0.00040
step 16600    2416s  loss 0.062  lr 0.00040
step 16625    2419s  loss 0.059  lr 0.00040
step 16650    2423s  loss 0.061  lr 0.00039
step 16675    2426s  loss 0.058  lr 0.00039
step 16700    2430s  loss 0.059  lr 0.00039
step 16725    2434s  loss 0.058  lr 0.00038
step 16750    2437s  loss 0.061  lr 0.00038
step 16775    2441s  loss 0.061  lr 0.00037
step 16800    2444s  loss 0.057  lr 0.00037
step 16825    2448s  loss 0.062  lr 0.00037
step 16850    2451s  loss 0.059  lr 0.00036
step 16875    2455s  loss 0.058  lr 0.00036
step 16900    2459s  loss 0.059  lr 0.00035
step 16925    2462s  loss 0.060  lr 0.00035
step 16950    2466s  loss 0.058  lr 0.00035
step 16975    2470s  loss 0.059  lr 0.00034
step 17000    2473s  loss 0.062  lr 0.00034
step 17025    2477s  loss 0.062  lr 0.00033
step 17050    2480s  loss 0.059  lr 0.00033
step 17075    2484s  loss 0.060  lr 0.00033
step 17100    2488s  loss 0.058  lr 0.00032
step 17125    2491s  loss 0.059  lr 0.00032
step 17150    2495s  loss 0.062  lr 0.00031
step 17175    2499s  loss 0.060  lr 0.00031
step 17200    2502s  loss 0.061  lr 0.00031
step 17225    2506s  loss 0.057  lr 0.00030
step 17250    2510s  loss 0.059  lr 0.00030
step 17275    2513s  loss 0.058  lr 0.00030
step 17300    2517s  loss 0.060  lr 0.00029
step 17325    2520s  loss 0.059  lr 0.00029
step 17350    2524s  loss 0.058  lr 0.00028
step 17375    2528s  loss 0.058  lr 0.00028
step 17400    2531s  loss 0.061  lr 0.00028
step 17425    2535s  loss 0.061  lr 0.00027
step 17450    2538s  loss 0.061  lr 0.00027
step 17475    2542s  loss 0.057  lr 0.00026
step 17500    2545s  loss 0.059  lr 0.00026
step 17525    2549s  loss 0.060  lr 0.00026
step 17550    2553s  loss 0.059  lr 0.00025
step 17575    2556s  loss 0.060  lr 0.00025
step 17600    2560s  loss 0.059  lr 0.00024
step 17625    2564s  loss 0.060  lr 0.00024
step 17650    2567s  loss 0.058  lr 0.00024
step 17675    2571s  loss 0.058  lr 0.00023
step 17700    2574s  loss 0.059  lr 0.00023
step 17725    2578s  loss 0.060  lr 0.00022
step 17750    2582s  loss 0.058  lr 0.00022
step 17775    2586s  loss 0.059  lr 0.00022
step 17800    2589s  loss 0.056  lr 0.00021
step 17825    2593s  loss 0.059  lr 0.00021
step 17850    2597s  loss 0.061  lr 0.00021
step 17875    2600s  loss 0.060  lr 0.00020
step 17900    2604s  loss 0.061  lr 0.00020
step 17925    2607s  loss 0.058  lr 0.00019
step 17950    2611s  loss 0.060  lr 0.00019
step 17975    2615s  loss 0.057  lr 0.00019
step 18000    2618s  loss 0.057  lr 0.00018
step 18025    2622s  loss 0.057  lr 0.00018
step 18050    2626s  loss 0.058  lr 0.00017
step 18075    2629s  loss 0.060  lr 0.00017
step 18100    2633s  loss 0.060  lr 0.00017
step 18125    2637s  loss 0.058  lr 0.00016
step 18150    2640s  loss 0.057  lr 0.00016
step 18175    2644s  loss 0.056  lr 0.00015
step 18200    2648s  loss 0.058  lr 0.00015
step 18225    2652s  loss 0.057  lr 0.00015
step 18250    2655s  loss 0.057  lr 0.00015
step 18275    2659s  loss 0.059  lr 0.00015
step 18300    2662s  loss 0.059  lr 0.00015
step 18325    2666s  loss 0.057  lr 0.00015
step 18350    2670s  loss 0.060  lr 0.00015
step 18375    2673s  loss 0.060  lr 0.00015
step 18400    2677s  loss 0.058  lr 0.00015
step 18425    2681s  loss 0.059  lr 0.00015
step 18450    2684s  loss 0.059  lr 0.00015
step 18475    2688s  loss 0.059  lr 0.00015
step 18500    2692s  loss 0.058  lr 0.00015
step 18525    2695s  loss 0.060  lr 0.00015
step 18550    2699s  loss 0.056  lr 0.00015
step 18575    2702s  loss 0.058  lr 0.00015
step 18600    2706s  loss 0.060  lr 0.00015
step 18625    2710s  loss 0.055  lr 0.00015
step 18650    2713s  loss 0.059  lr 0.00015
step 18675    2717s  loss 0.059  lr 0.00015
step 18700    2721s  loss 0.058  lr 0.00015
step 18725    2724s  loss 0.056  lr 0.00015
step 18750    2728s  loss 0.059  lr 0.00015
step 18775    2732s  loss 0.058  lr 0.00015
step 18800    2735s  loss 0.056  lr 0.00015
step 18825    2739s  loss 0.057  lr 0.00015
step 18850    2742s  loss 0.059  lr 0.00015
step 18875    2746s  loss 0.060  lr 0.00015
step 18900    2750s  loss 0.058  lr 0.00015
step 18925    2753s  loss 0.055  lr 0.00015
step 18950    2757s  loss 0.061  lr 0.00015
step 18975    2761s  loss 0.057  lr 0.00015
step 19000    2764s  loss 0.059  lr 0.00015
step 19025    2768s  loss 0.055  lr 0.00015
step 19050    2771s  loss 0.056  lr 0.00015
step 19075    2775s  loss 0.058  lr 0.00015
step 19100    2779s  loss 0.056  lr 0.00015
step 19125    2782s  loss 0.056  lr 0.00015
step 19150    2786s  loss 0.057  lr 0.00015
saved checkpoints/range_unet_semantickitti.pt (19160 steps, 2788s)
val mIoU 0.629  moving IoU 0.4444803908088741
  0–10 m    mIoU 0.6700961448414198
  10–25 m   mIoU 0.6040057019401702
  25–50 m   mIoU 0.4550570469671898
  50–100 m  mIoU 0.17653500478311504
  road                   IoU 0.8972  recall 0.9372  points 15633640  confused with: sidewalk 4%, parking 1%
  sidewalk               IoU 0.7441  recall 0.8718  points 10406546  confused with: terrain 4%, road 3%
  parking                IoU 0.2975  recall 0.3967  points  1261586  confused with: sidewalk 32%, road 20%
  terrain                IoU 0.6663  recall 0.753  points  9633081  confused with: vegetation 15%, sidewalk 6%
  vegetation             IoU 0.8102  recall 0.9093  points 28938772  confused with: building 4%, terrain 2%
  building               IoU 0.7103  recall 0.8038  points 13265325  confused with: vegetation 14%, vehicle 3%
  pole                   IoU 0.3007  recall 0.7428  points   356799  confused with: vegetation 15%, building 7%
  vehicle                IoU 0.8233  recall 0.9559  points  6768387  confused with: building 3%, vegetation 1%
  person                 IoU 0.4147  recall 0.6245  points   131027  confused with: building 15%, vegetation 11%
