preparing 3834 training frames
prepared 250/3834 frames
prepared 500/3834 frames
prepared 750/3834 frames
prepared 1000/3834 frames
prepared 1250/3834 frames
prepared 1500/3834 frames
prepared 1750/3834 frames
prepared 2000/3834 frames
prepared 2250/3834 frames
prepared 2500/3834 frames
prepared 2750/3834 frames
prepared 3000/3834 frames
prepared 3250/3834 frames
semantickitti: 3834 training frames, range image 64 x 1024, device cuda
training pixels by class: road 21.96%, sidewalk 17.24%, parking 1.74%, terrain 7.47%, vegetation 25.04%, building 20.63%, pole 0.39%, vehicle 5.47%, person 0.06%
initialised from checkpoints/range_unet.pt
step    25       8s  loss 1.134  lr 0.00050
step    50      13s  loss 0.521  lr 0.00100
step    75      17s  loss 0.381  lr 0.00100
step   100      21s  loss 0.326  lr 0.00099
step   125      25s  loss 0.318  lr 0.00099
step   150      28s  loss 0.296  lr 0.00099
step   175      31s  loss 0.281  lr 0.00099
step   200      35s  loss 0.272  lr 0.00099
step   225      39s  loss 0.293  lr 0.00099
step   250      42s  loss 0.276  lr 0.00099
step   275      46s  loss 0.274  lr 0.00099
step   300      49s  loss 0.247  lr 0.00098
step   325      53s  loss 0.237  lr 0.00098
step   350      56s  loss 0.236  lr 0.00098
step   375      59s  loss 0.236  lr 0.00098
step   400      63s  loss 0.229  lr 0.00098
step   425      66s  loss 0.227  lr 0.00098
step   450      69s  loss 0.224  lr 0.00098
step   475      72s  loss 0.229  lr 0.00098
step   500      75s  loss 0.226  lr 0.00097
step   525      79s  loss 0.234  lr 0.00097
step   550      82s  loss 0.222  lr 0.00097
step   575      85s  loss 0.247  lr 0.00097
step   600      87s  loss 0.216  lr 0.00097
step   625      90s  loss 0.220  lr 0.00097
step   650      93s  loss 0.211  lr 0.00097
step   675      96s  loss 0.206  lr 0.00096
step   700      99s  loss 0.206  lr 0.00096
step   725     101s  loss 0.214  lr 0.00096
step   750     104s  loss 0.225  lr 0.00096
step   775     107s  loss 0.205  lr 0.00096
step   800     110s  loss 0.204  lr 0.00096
step   825     113s  loss 0.214  lr 0.00096
step   850     115s  loss 0.205  lr 0.00096
step   875     118s  loss 0.199  lr 0.00095
step   900     121s  loss 0.205  lr 0.00095
step   925     123s  loss 0.203  lr 0.00095
step   950     125s  loss 0.206  lr 0.00095
step   975     128s  loss 0.217  lr 0.00095
step  1000     130s  loss 0.199  lr 0.00095
step  1025     133s  loss 0.203  lr 0.00095
step  1050     136s  loss 0.191  lr 0.00095
step  1075     138s  loss 0.187  lr 0.00094
step  1100     141s  loss 0.184  lr 0.00094
step  1125     143s  loss 0.192  lr 0.00094
step  1150     146s  loss 0.194  lr 0.00094
step  1175     148s  loss 0.190  lr 0.00094
step  1200     151s  loss 0.191  lr 0.00094
step  1225     153s  loss 0.188  lr 0.00094
step  1250     155s  loss 0.200  lr 0.00093
step  1275     158s  loss 0.183  lr 0.00093
step  1300     161s  loss 0.186  lr 0.00093
step  1325     163s  loss 0.176  lr 0.00093
step  1350     166s  loss 0.180  lr 0.00093
step  1375     168s  loss 0.186  lr 0.00093
step  1400     170s  loss 0.173  lr 0.00093
step  1425     173s  loss 0.191  lr 0.00093
step  1450     176s  loss 0.182  lr 0.00092
step  1475     178s  loss 0.179  lr 0.00092
step  1500     180s  loss 0.195  lr 0.00092
step  1525     183s  loss 0.180  lr 0.00092
step  1550     185s  loss 0.173  lr 0.00092
step  1575     188s  loss 0.170  lr 0.00092
step  1600     190s  loss 0.175  lr 0.00092
step  1625     193s  loss 0.174  lr 0.00092
step  1650     195s  loss 0.184  lr 0.00091
step  1675     198s  loss 0.182  lr 0.00091
step  1700     200s  loss 0.175  lr 0.00091
step  1725     203s  loss 0.170  lr 0.00091
step  1750     205s  loss 0.182  lr 0.00091
step  1775     208s  loss 0.165  lr 0.00091
step  1800     210s  loss 0.178  lr 0.00091
step  1825     212s  loss 0.168  lr 0.00090
step  1850     215s  loss 0.179  lr 0.00090
step  1875     218s  loss 0.177  lr 0.00090
step  1900     220s  loss 0.156  lr 0.00090
step  1925     222s  loss 0.173  lr 0.00090
step  1950     225s  loss 0.172  lr 0.00090
step  1975     227s  loss 0.157  lr 0.00090
step  2000     230s  loss 0.173  lr 0.00090
step  2025     232s  loss 0.174  lr 0.00089
step  2050     235s  loss 0.172  lr 0.00089
step  2075     237s  loss 0.167  lr 0.00089
step  2100     239s  loss 0.175  lr 0.00089
step  2125     242s  loss 0.164  lr 0.00089
step  2150     245s  loss 0.162  lr 0.00089
step  2175     247s  loss 0.165  lr 0.00089
step  2200     249s  loss 0.162  lr 0.00089
step  2225     252s  loss 0.166  lr 0.00088
step  2250     254s  loss 0.164  lr 0.00088
step  2275     257s  loss 0.166  lr 0.00088
step  2300     259s  loss 0.168  lr 0.00088
step  2325     262s  loss 0.162  lr 0.00088
step  2350     264s  loss 0.161  lr 0.00088
step  2375     266s  loss 0.154  lr 0.00088
step  2400     269s  loss 0.161  lr 0.00087
step  2425     272s  loss 0.152  lr 0.00087
step  2450     274s  loss 0.173  lr 0.00087
step  2475     277s  loss 0.162  lr 0.00087
step  2500     279s  loss 0.153  lr 0.00087
step  2525     281s  loss 0.163  lr 0.00087
step  2550     284s  loss 0.158  lr 0.00087
step  2575     287s  loss 0.144  lr 0.00087
step  2600     289s  loss 0.155  lr 0.00086
step  2625     291s  loss 0.145  lr 0.00086
step  2650     294s  loss 0.160  lr 0.00086
step  2675     296s  loss 0.148  lr 0.00086
step  2700     299s  loss 0.160  lr 0.00086
step  2725     301s  loss 0.161  lr 0.00086
step  2750     304s  loss 0.159  lr 0.00086
step  2775     306s  loss 0.154  lr 0.00086
step  2800     308s  loss 0.160  lr 0.00085
step  2825     311s  loss 0.160  lr 0.00085
step  2850     314s  loss 0.160  lr 0.00085
step  2875     316s  loss 0.159  lr 0.00085
step  2900     319s  loss 0.159  lr 0.00085
step  2925     321s  loss 0.158  lr 0.00085
step  2950     323s  loss 0.144  lr 0.00085
step  2975     326s  loss 0.150  lr 0.00084
step  3000     329s  loss 0.150  lr 0.00084
step  3025     331s  loss 0.149  lr 0.00084
step  3050     333s  loss 0.158  lr 0.00084
step  3075     336s  loss 0.162  lr 0.00084
step  3100     338s  loss 0.157  lr 0.00084
step  3125     341s  loss 0.149  lr 0.00084
step  3150     343s  loss 0.154  lr 0.00084
step  3175     346s  loss 0.156  lr 0.00083
step  3200     348s  loss 0.151  lr 0.00083
step  3225     350s  loss 0.147  lr 0.00083
step  3250     353s  loss 0.150  lr 0.00083
step  3275     356s  loss 0.153  lr 0.00083
step  3300     358s  loss 0.146  lr 0.00083
step  3325     360s  loss 0.146  lr 0.00083
step  3350     363s  loss 0.149  lr 0.00083
step  3375     365s  loss 0.136  lr 0.00082
step  3400     368s  loss 0.137  lr 0.00082
step  3425     371s  loss 0.149  lr 0.00082
step  3450     373s  loss 0.146  lr 0.00082
step  3475     375s  loss 0.139  lr 0.00082
step  3500     378s  loss 0.143  lr 0.00082
step  3525     380s  loss 0.144  lr 0.00082
step  3550     383s  loss 0.150  lr 0.00081
step  3575     385s  loss 0.145  lr 0.00081
step  3600     388s  loss 0.138  lr 0.00081
step  3625     390s  loss 0.141  lr 0.00081
step  3650     393s  loss 0.151  lr 0.00081
step  3675     395s  loss 0.150  lr 0.00081
step  3700     398s  loss 0.145  lr 0.00081
step  3725     400s  loss 0.144  lr 0.00081
step  3750     403s  loss 0.145  lr 0.00080
step  3775     405s  loss 0.141  lr 0.00080
step  3800     407s  loss 0.139  lr 0.00080
step  3825     410s  loss 0.141  lr 0.00080
step  3850     413s  loss 0.149  lr 0.00080
step  3875     415s  loss 0.141  lr 0.00080
step  3900     417s  loss 0.137  lr 0.00080
step  3925     420s  loss 0.140  lr 0.00080
step  3950     422s  loss 0.146  lr 0.00079
step  3975     425s  loss 0.146  lr 0.00079
step  4000     427s  loss 0.146  lr 0.00079
step  4025     430s  loss 0.141  lr 0.00079
step  4050     432s  loss 0.135  lr 0.00079
step  4075     435s  loss 0.142  lr 0.00079
step  4100     437s  loss 0.139  lr 0.00079
step  4125     440s  loss 0.144  lr 0.00078
step  4150     442s  loss 0.143  lr 0.00078
step  4175     445s  loss 0.139  lr 0.00078
step  4200     447s  loss 0.145  lr 0.00078
step  4225     449s  loss 0.144  lr 0.00078
step  4250     452s  loss 0.136  lr 0.00078
step  4275     455s  loss 0.140  lr 0.00078
step  4300     457s  loss 0.132  lr 0.00078
step  4325     459s  loss 0.139  lr 0.00077
step  4350     462s  loss 0.146  lr 0.00077
step  4375     464s  loss 0.144  lr 0.00077
step  4400     467s  loss 0.139  lr 0.00077
step  4425     469s  loss 0.145  lr 0.00077
step  4450     472s  loss 0.136  lr 0.00077
step  4475     474s  loss 0.139  lr 0.00077
step  4500     476s  loss 0.140  lr 0.00077
step  4525     479s  loss 0.148  lr 0.00076
step  4550     482s  loss 0.132  lr 0.00076
step  4575     484s  loss 0.143  lr 0.00076
step  4600     486s  loss 0.143  lr 0.00076
step  4625     489s  loss 0.143  lr 0.00076
step  4650     491s  loss 0.145  lr 0.00076
step  4675     494s  loss 0.129  lr 0.00076
step  4700     496s  loss 0.136  lr 0.00075
step  4725     499s  loss 0.138  lr 0.00075
step  4750     501s  loss 0.133  lr 0.00075
step  4775     504s  loss 0.130  lr 0.00075
step  4800     506s  loss 0.134  lr 0.00075
step  4825     509s  loss 0.141  lr 0.00075
step  4850     511s  loss 0.128  lr 0.00075
step  4875     514s  loss 0.144  lr 0.00075
step  4900     516s  loss 0.128  lr 0.00074
step  4925     519s  loss 0.133  lr 0.00074
step  4950     521s  loss 0.136  lr 0.00074
step  4975     524s  loss 0.128  lr 0.00074
step  5000     526s  loss 0.138  lr 0.00074
step  5025     529s  loss 0.133  lr 0.00074
step  5050     531s  loss 0.141  lr 0.00074
step  5075     534s  loss 0.134  lr 0.00074
step  5100     536s  loss 0.131  lr 0.00073
step  5125     539s  loss 0.134  lr 0.00073
step  5150     541s  loss 0.136  lr 0.00073
step  5175     544s  loss 0.125  lr 0.00073
step  5200     546s  loss 0.125  lr 0.00073
step  5225     549s  loss 0.132  lr 0.00073
step  5250     551s  loss 0.143  lr 0.00073
step  5275     554s  loss 0.139  lr 0.00072
step  5300     556s  loss 0.127  lr 0.00072
step  5325     558s  loss 0.122  lr 0.00072
step  5350     561s  loss 0.133  lr 0.00072
step  5375     564s  loss 0.136  lr 0.00072
step  5400     566s  loss 0.134  lr 0.00072
step  5425     569s  loss 0.130  lr 0.00072
step  5450     571s  loss 0.129  lr 0.00072
step  5475     573s  loss 0.132  lr 0.00071
step  5500     576s  loss 0.125  lr 0.00071
step  5525     579s  loss 0.125  lr 0.00071
step  5550     581s  loss 0.122  lr 0.00071
step  5575     583s  loss 0.135  lr 0.00071
step  5600     586s  loss 0.127  lr 0.00071
step  5625     588s  loss 0.128  lr 0.00071
step  5650     591s  loss 0.130  lr 0.00071
step  5675     593s  loss 0.133  lr 0.00070
step  5700     596s  loss 0.127  lr 0.00070
step  5725     598s  loss 0.135  lr 0.00070
step  5750     600s  loss 0.130  lr 0.00070
step  5775     603s  loss 0.125  lr 0.00070
step  5800     606s  loss 0.138  lr 0.00070
step  5825     608s  loss 0.129  lr 0.00070
step  5850     610s  loss 0.126  lr 0.00069
step  5875     613s  loss 0.124  lr 0.00069
step  5900     615s  loss 0.124  lr 0.00069
step  5925     618s  loss 0.128  lr 0.00069
step  5950     620s  loss 0.118  lr 0.00069
step  5975     623s  loss 0.120  lr 0.00069
step  6000     625s  loss 0.130  lr 0.00069
step  6025     627s  loss 0.126  lr 0.00069
step  6050     630s  loss 0.132  lr 0.00068
step  6075     633s  loss 0.123  lr 0.00068
step  6100     635s  loss 0.128  lr 0.00068
step  6125     638s  loss 0.128  lr 0.00068
step  6150     640s  loss 0.125  lr 0.00068
step  6175     642s  loss 0.133  lr 0.00068
step  6200     645s  loss 0.120  lr 0.00068
step  6225     648s  loss 0.129  lr 0.00068
step  6250     650s  loss 0.124  lr 0.00067
step  6275     652s  loss 0.134  lr 0.00067
step  6300     655s  loss 0.131  lr 0.00067
step  6325     657s  loss 0.127  lr 0.00067
step  6350     660s  loss 0.127  lr 0.00067
step  6375     663s  loss 0.125  lr 0.00067
step  6400     665s  loss 0.127  lr 0.00067
step  6425     667s  loss 0.131  lr 0.00066
step  6450     670s  loss 0.126  lr 0.00066
step  6475     672s  loss 0.125  lr 0.00066
step  6500     675s  loss 0.130  lr 0.00066
step  6525     678s  loss 0.122  lr 0.00066
step  6550     680s  loss 0.130  lr 0.00066
step  6575     682s  loss 0.121  lr 0.00066
step  6600     685s  loss 0.124  lr 0.00066
step  6625     687s  loss 0.128  lr 0.00065
step  6650     690s  loss 0.122  lr 0.00065
step  6675     692s  loss 0.126  lr 0.00065
step  6700     695s  loss 0.122  lr 0.00065
step  6725     697s  loss 0.130  lr 0.00065
step  6750     700s  loss 0.124  lr 0.00065
step  6775     702s  loss 0.128  lr 0.00065
step  6800     705s  loss 0.123  lr 0.00065
step  6825     707s  loss 0.119  lr 0.00064
step  6850     710s  loss 0.121  lr 0.00064
step  6875     712s  loss 0.135  lr 0.00064
step  6900     715s  loss 0.128  lr 0.00064
step  6925     717s  loss 0.124  lr 0.00064
step  6950     720s  loss 0.128  lr 0.00064
step  6975     722s  loss 0.121  lr 0.00064
step  7000     724s  loss 0.120  lr 0.00063
step  7025     727s  loss 0.125  lr 0.00063
step  7050     730s  loss 0.123  lr 0.00063
step  7075     732s  loss 0.120  lr 0.00063
step  7100     734s  loss 0.121  lr 0.00063
step  7125     737s  loss 0.114  lr 0.00063
step  7150     739s  loss 0.121  lr 0.00063
step  7175     742s  loss 0.122  lr 0.00063
step  7200     744s  loss 0.116  lr 0.00062
step  7225     747s  loss 0.121  lr 0.00062
step  7250     749s  loss 0.120  lr 0.00062
step  7275     751s  loss 0.119  lr 0.00062
step  7300     754s  loss 0.122  lr 0.00062
step  7325     757s  loss 0.115  lr 0.00062
step  7350     759s  loss 0.124  lr 0.00062
step  7375     761s  loss 0.115  lr 0.00062
step  7400     764s  loss 0.116  lr 0.00061
step  7425     766s  loss 0.127  lr 0.00061
step  7450     769s  loss 0.121  lr 0.00061
step  7475     771s  loss 0.123  lr 0.00061
step  7500     774s  loss 0.121  lr 0.00061
step  7525     776s  loss 0.122  lr 0.00061
step  7550     779s  loss 0.124  lr 0.00061
step  7575     781s  loss 0.113  lr 0.00060
step  7600     784s  loss 0.115  lr 0.00060
step  7625     786s  loss 0.117  lr 0.00060
step  7650     789s  loss 0.117  lr 0.00060
step  7675     791s  loss 0.115  lr 0.00060
step  7700     794s  loss 0.122  lr 0.00060
step  7725     796s  loss 0.122  lr 0.00060
step  7750     799s  loss 0.126  lr 0.00060
step  7775     802s  loss 0.121  lr 0.00059
step  7800     804s  loss 0.118  lr 0.00059
step  7825     807s  loss 0.118  lr 0.00059
step  7850     809s  loss 0.124  lr 0.00059
step  7875     812s  loss 0.120  lr 0.00059
step  7900     815s  loss 0.114  lr 0.00059
step  7925     817s  loss 0.116  lr 0.00059
step  7950     819s  loss 0.120  lr 0.00059
step  7975     822s  loss 0.120  lr 0.00058
step  8000     824s  loss 0.118  lr 0.00058
step  8025     827s  loss 0.124  lr 0.00058
step  8050     830s  loss 0.117  lr 0.00058
step  8075     832s  loss 0.122  lr 0.00058
step  8100     834s  loss 0.121  lr 0.00058
step  8125     837s  loss 0.119  lr 0.00058
step  8150     839s  loss 0.123  lr 0.00057
step  8175     842s  loss 0.118  lr 0.00057
step  8200     844s  loss 0.127  lr 0.00057
step  8225     847s  loss 0.122  lr 0.00057
step  8250     849s  loss 0.121  lr 0.00057
step  8275     852s  loss 0.114  lr 0.00057
step  8300     854s  loss 0.121  lr 0.00057
step  8325     857s  loss 0.121  lr 0.00057
step  8350     859s  loss 0.117  lr 0.00056
step  8375     862s  loss 0.118  lr 0.00056
step  8400     864s  loss 0.119  lr 0.00056
step  8425     867s  loss 0.120  lr 0.00056
step  8450     870s  loss 0.123  lr 0.00056
step  8475     872s  loss 0.117  lr 0.00056
step  8500     874s  loss 0.118  lr 0.00056
step  8525     877s  loss 0.115  lr 0.00056
step  8550     879s  loss 0.110  lr 0.00055
step  8575     882s  loss 0.115  lr 0.00055
step  8600     885s  loss 0.122  lr 0.00055
step  8625     887s  loss 0.120  lr 0.00055
step  8650     889s  loss 0.118  lr 0.00055
step  8675     892s  loss 0.113  lr 0.00055
step  8700     894s  loss 0.122  lr 0.00055
step  8725     897s  loss 0.117  lr 0.00054
step  8750     899s  loss 0.120  lr 0.00054
step  8775     902s  loss 0.115  lr 0.00054
step  8800     904s  loss 0.117  lr 0.00054
step  8825     907s  loss 0.118  lr 0.00054
step  8850     909s  loss 0.116  lr 0.00054
step  8875     912s  loss 0.112  lr 0.00054
step  8900     914s  loss 0.120  lr 0.00054
step  8925     917s  loss 0.116  lr 0.00053
step  8950     919s  loss 0.115  lr 0.00053
step  8975     922s  loss 0.116  lr 0.00053
step  9000     925s  loss 0.120  lr 0.00053
step  9025     927s  loss 0.123  lr 0.00053
step  9050     929s  loss 0.111  lr 0.00053
step  9075     932s  loss 0.113  lr 0.00053
step  9100     934s  loss 0.123  lr 0.00053
step  9125     937s  loss 0.119  lr 0.00052
step  9150     940s  loss 0.121  lr 0.00052
step  9175     942s  loss 0.114  lr 0.00052
step  9200     945s  loss 0.111  lr 0.00052
step  9225     947s  loss 0.128  lr 0.00052
step  9250     949s  loss 0.118  lr 0.00052
step  9275     952s  loss 0.115  lr 0.00052
step  9300     955s  loss 0.112  lr 0.00051
step  9325     957s  loss 0.119  lr 0.00051
step  9350     960s  loss 0.118  lr 0.00051
step  9375     962s  loss 0.123  lr 0.00051
step  9400     964s  loss 0.112  lr 0.00051
step  9425     967s  loss 0.118  lr 0.00051
step  9450     970s  loss 0.114  lr 0.00051
step  9475     972s  loss 0.110  lr 0.00051
step  9500     974s  loss 0.110  lr 0.00050
step  9525     977s  loss 0.114  lr 0.00050
step  9550     980s  loss 0.116  lr 0.00050
step  9575     982s  loss 0.112  lr 0.00050
step  9600     984s  loss 0.113  lr 0.00050
step  9625     987s  loss 0.116  lr 0.00050
step  9650     989s  loss 0.108  lr 0.00050
step  9675     992s  loss 0.108  lr 0.00050
step  9700     994s  loss 0.110  lr 0.00049
step  9725     997s  loss 0.111  lr 0.00049
step  9750     999s  loss 0.114  lr 0.00049
step  9775    1002s  loss 0.120  lr 0.00049
step  9800    1004s  loss 0.110  lr 0.00049
step  9825    1007s  loss 0.113  lr 0.00049
step  9850    1009s  loss 0.115  lr 0.00049
step  9875    1011s  loss 0.106  lr 0.00048
step  9900    1014s  loss 0.114  lr 0.00048
step  9925    1016s  loss 0.114  lr 0.00048
step  9950    1019s  loss 0.111  lr 0.00048
step  9975    1021s  loss 0.115  lr 0.00048
step 10000    1024s  loss 0.109  lr 0.00048
step 10025    1026s  loss 0.116  lr 0.00048
step 10050    1029s  loss 0.110  lr 0.00048
step 10075    1031s  loss 0.110  lr 0.00047
step 10100    1034s  loss 0.112  lr 0.00047
step 10125    1036s  loss 0.115  lr 0.00047
step 10150    1039s  loss 0.116  lr 0.00047
step 10175    1041s  loss 0.114  lr 0.00047
step 10200    1043s  loss 0.114  lr 0.00047
step 10225    1046s  loss 0.110  lr 0.00047
step 10250    1048s  loss 0.113  lr 0.00047
step 10275    1051s  loss 0.111  lr 0.00046
step 10300    1053s  loss 0.115  lr 0.00046
step 10325    1056s  loss 0.112  lr 0.00046
step 10350    1058s  loss 0.115  lr 0.00046
step 10375    1060s  loss 0.112  lr 0.00046
step 10400    1063s  loss 0.110  lr 0.00046
step 10425    1066s  loss 0.109  lr 0.00046
step 10450    1068s  loss 0.115  lr 0.00045
step 10475    1070s  loss 0.115  lr 0.00045
step 10500    1073s  loss 0.108  lr 0.00045
step 10525    1075s  loss 0.113  lr 0.00045
step 10550    1078s  loss 0.112  lr 0.00045
step 10575    1080s  loss 0.110  lr 0.00045
step 10600    1082s  loss 0.105  lr 0.00045
step 10625    1085s  loss 0.113  lr 0.00045
step 10650    1087s  loss 0.103  lr 0.00044
step 10675    1090s  loss 0.109  lr 0.00044
step 10700    1092s  loss 0.110  lr 0.00044
step 10725    1095s  loss 0.111  lr 0.00044
step 10750    1097s  loss 0.110  lr 0.00044
step 10775    1100s  loss 0.108  lr 0.00044
step 10800    1102s  loss 0.108  lr 0.00044
step 10825    1105s  loss 0.108  lr 0.00044
step 10850    1107s  loss 0.109  lr 0.00043
step 10875    1110s  loss 0.106  lr 0.00043
step 10900    1112s  loss 0.112  lr 0.00043
step 10925    1114s  loss 0.108  lr 0.00043
step 10950    1117s  loss 0.106  lr 0.00043
step 10975    1120s  loss 0.113  lr 0.00043
step 11000    1122s  loss 0.115  lr 0.00043
step 11025    1124s  loss 0.109  lr 0.00042
step 11050    1127s  loss 0.105  lr 0.00042
step 11075    1129s  loss 0.111  lr 0.00042
step 11100    1132s  loss 0.104  lr 0.00042
step 11125    1134s  loss 0.105  lr 0.00042
step 11150    1137s  loss 0.110  lr 0.00042
step 11175    1139s  loss 0.108  lr 0.00042
step 11200    1141s  loss 0.105  lr 0.00042
step 11225    1144s  loss 0.112  lr 0.00041
step 11250    1147s  loss 0.117  lr 0.00041
step 11275    1149s  loss 0.106  lr 0.00041
step 11300    1151s  loss 0.111  lr 0.00041
step 11325    1154s  loss 0.110  lr 0.00041
step 11350    1156s  loss 0.104  lr 0.00041
step 11375    1159s  loss 0.109  lr 0.00041
step 11400    1161s  loss 0.108  lr 0.00041
step 11425    1164s  loss 0.106  lr 0.00040
step 11450    1166s  loss 0.103  lr 0.00040
step 11475    1168s  loss 0.102  lr 0.00040
step 11500    1171s  loss 0.110  lr 0.00040
step 11525    1174s  loss 0.109  lr 0.00040
step 11550    1176s  loss 0.109  lr 0.00040
step 11575    1178s  loss 0.116  lr 0.00040
step 11600    1181s  loss 0.106  lr 0.00039
step 11625    1183s  loss 0.108  lr 0.00039
step 11650    1186s  loss 0.113  lr 0.00039
step 11675    1188s  loss 0.116  lr 0.00039
step 11700    1191s  loss 0.113  lr 0.00039
step 11725    1193s  loss 0.105  lr 0.00039
step 11750    1196s  loss 0.108  lr 0.00039
step 11775    1198s  loss 0.101  lr 0.00039
step 11800    1201s  loss 0.102  lr 0.00038
step 11825    1203s  loss 0.110  lr 0.00038
step 11850    1206s  loss 0.113  lr 0.00038
step 11875    1208s  loss 0.112  lr 0.00038
step 11900    1210s  loss 0.116  lr 0.00038
step 11925    1213s  loss 0.107  lr 0.00038
step 11950    1216s  loss 0.109  lr 0.00038
step 11975    1218s  loss 0.108  lr 0.00038
step 12000    1220s  loss 0.108  lr 0.00037
step 12025    1223s  loss 0.109  lr 0.00037
step 12050    1225s  loss 0.111  lr 0.00037
step 12075    1228s  loss 0.118  lr 0.00037
step 12100    1230s  loss 0.109  lr 0.00037
step 12125    1233s  loss 0.108  lr 0.00037
step 12150    1235s  loss 0.107  lr 0.00037
step 12175    1237s  loss 0.110  lr 0.00036
step 12200    1240s  loss 0.110  lr 0.00036
step 12225    1243s  loss 0.108  lr 0.00036
step 12250    1245s  loss 0.110  lr 0.00036
step 12275    1247s  loss 0.108  lr 0.00036
step 12300    1250s  loss 0.106  lr 0.00036
step 12325    1252s  loss 0.108  lr 0.00036
step 12350    1255s  loss 0.106  lr 0.00036
step 12375    1257s  loss 0.106  lr 0.00035
step 12400    1260s  loss 0.106  lr 0.00035
step 12425    1262s  loss 0.112  lr 0.00035
step 12450    1264s  loss 0.112  lr 0.00035
step 12475    1267s  loss 0.106  lr 0.00035
step 12500    1270s  loss 0.107  lr 0.00035
step 12525    1272s  loss 0.112  lr 0.00035
step 12550    1274s  loss 0.104  lr 0.00035
step 12575    1277s  loss 0.102  lr 0.00034
step 12600    1279s  loss 0.111  lr 0.00034
step 12625    1282s  loss 0.105  lr 0.00034
step 12650    1284s  loss 0.109  lr 0.00034
step 12675    1287s  loss 0.108  lr 0.00034
step 12700    1289s  loss 0.102  lr 0.00034
step 12725    1292s  loss 0.104  lr 0.00034
step 12750    1294s  loss 0.109  lr 0.00033
step 12775    1297s  loss 0.103  lr 0.00033
step 12800    1299s  loss 0.103  lr 0.00033
step 12825    1302s  loss 0.107  lr 0.00033
step 12850    1304s  loss 0.104  lr 0.00033
step 12875    1306s  loss 0.103  lr 0.00033
step 12900    1309s  loss 0.111  lr 0.00033
step 12925    1311s  loss 0.109  lr 0.00033
step 12950    1314s  loss 0.103  lr 0.00032
step 12975    1316s  loss 0.100  lr 0.00032
step 13000    1318s  loss 0.104  lr 0.00032
step 13025    1321s  loss 0.101  lr 0.00032
step 13050    1323s  loss 0.109  lr 0.00032
step 13075    1326s  loss 0.111  lr 0.00032
step 13100    1328s  loss 0.108  lr 0.00032
step 13125    1331s  loss 0.104  lr 0.00032
step 13150    1333s  loss 0.105  lr 0.00031
step 13175    1335s  loss 0.110  lr 0.00031
step 13200    1338s  loss 0.105  lr 0.00031
step 13225    1341s  loss 0.110  lr 0.00031
step 13250    1343s  loss 0.104  lr 0.00031
step 13275    1345s  loss 0.098  lr 0.00031
step 13300    1348s  loss 0.108  lr 0.00031
step 13325    1350s  loss 0.103  lr 0.00030
step 13350    1353s  loss 0.106  lr 0.00030
step 13375    1356s  loss 0.105  lr 0.00030
step 13400    1358s  loss 0.105  lr 0.00030
step 13425    1360s  loss 0.105  lr 0.00030
step 13450    1363s  loss 0.104  lr 0.00030
step 13475    1365s  loss 0.111  lr 0.00030
step 13500    1368s  loss 0.107  lr 0.00030
step 13525    1370s  loss 0.107  lr 0.00029
step 13550    1373s  loss 0.100  lr 0.00029
step 13575    1375s  loss 0.104  lr 0.00029
step 13600    1377s  loss 0.100  lr 0.00029
step 13625    1380s  loss 0.103  lr 0.00029
step 13650    1383s  loss 0.099  lr 0.00029
step 13675    1385s  loss 0.108  lr 0.00029
step 13700    1387s  loss 0.106  lr 0.00029
step 13725    1390s  loss 0.109  lr 0.00028
step 13750    1392s  loss 0.106  lr 0.00028
step 13775    1395s  loss 0.099  lr 0.00028
step 13800    1397s  loss 0.102  lr 0.00028
step 13825    1400s  loss 0.103  lr 0.00028
step 13850    1402s  loss 0.104  lr 0.00028
step 13875    1404s  loss 0.103  lr 0.00028
step 13900    1407s  loss 0.104  lr 0.00027
step 13925    1410s  loss 0.103  lr 0.00027
step 13950    1412s  loss 0.104  lr 0.00027
step 13975    1414s  loss 0.104  lr 0.00027
step 14000    1417s  loss 0.106  lr 0.00027
step 14025    1419s  loss 0.107  lr 0.00027
step 14050    1422s  loss 0.101  lr 0.00027
step 14075    1424s  loss 0.107  lr 0.00027
step 14100    1427s  loss 0.101  lr 0.00026
step 14125    1429s  loss 0.103  lr 0.00026
step 14150    1431s  loss 0.102  lr 0.00026
step 14175    1434s  loss 0.102  lr 0.00026
step 14200    1436s  loss 0.105  lr 0.00026
step 14225    1439s  loss 0.107  lr 0.00026
step 14250    1441s  loss 0.100  lr 0.00026
step 14275    1444s  loss 0.104  lr 0.00026
step 14300    1446s  loss 0.102  lr 0.00025
step 14325    1449s  loss 0.103  lr 0.00025
step 14350    1451s  loss 0.102  lr 0.00025
step 14375    1454s  loss 0.104  lr 0.00025
step 14400    1456s  loss 0.105  lr 0.00025
step 14425    1458s  loss 0.100  lr 0.00025
step 14450    1461s  loss 0.101  lr 0.00025
step 14475    1464s  loss 0.103  lr 0.00024
step 14500    1466s  loss 0.102  lr 0.00024
step 14525    1468s  loss 0.102  lr 0.00024
step 14550    1471s  loss 0.105  lr 0.00024
step 14575    1473s  loss 0.104  lr 0.00024
step 14600    1476s  loss 0.097  lr 0.00024
step 14625    1478s  loss 0.095  lr 0.00024
step 14650    1481s  loss 0.104  lr 0.00024
step 14675    1483s  loss 0.107  lr 0.00023
step 14700    1485s  loss 0.103  lr 0.00023
step 14725    1488s  loss 0.099  lr 0.00023
step 14750    1491s  loss 0.105  lr 0.00023
step 14775    1493s  loss 0.105  lr 0.00023
step 14800    1496s  loss 0.102  lr 0.00023
step 14825    1498s  loss 0.101  lr 0.00023
step 14850    1500s  loss 0.101  lr 0.00022
step 14875    1503s  loss 0.102  lr 0.00022
step 14900    1506s  loss 0.101  lr 0.00022
step 14925    1508s  loss 0.099  lr 0.00022
step 14950    1510s  loss 0.099  lr 0.00022
step 14975    1513s  loss 0.099  lr 0.00022
step 15000    1515s  loss 0.098  lr 0.00022
step 15025    1518s  loss 0.099  lr 0.00022
step 15050    1520s  loss 0.107  lr 0.00021
step 15075    1523s  loss 0.103  lr 0.00021
step 15100    1525s  loss 0.099  lr 0.00021
step 15125    1527s  loss 0.102  lr 0.00021
step 15150    1530s  loss 0.102  lr 0.00021
step 15175    1533s  loss 0.097  lr 0.00021
step 15200    1535s  loss 0.099  lr 0.00021
step 15225    1537s  loss 0.102  lr 0.00021
step 15250    1540s  loss 0.102  lr 0.00020
step 15275    1542s  loss 0.101  lr 0.00020
step 15300    1545s  loss 0.106  lr 0.00020
step 15325    1547s  loss 0.097  lr 0.00020
step 15350    1550s  loss 0.100  lr 0.00020
step 15375    1552s  loss 0.104  lr 0.00020
step 15400    1554s  loss 0.101  lr 0.00020
step 15425    1557s  loss 0.100  lr 0.00019
step 15450    1560s  loss 0.099  lr 0.00019
step 15475    1562s  loss 0.098  lr 0.00019
step 15500    1564s  loss 0.098  lr 0.00019
step 15525    1567s  loss 0.099  lr 0.00019
step 15550    1569s  loss 0.101  lr 0.00019
step 15575    1572s  loss 0.105  lr 0.00019
step 15600    1574s  loss 0.100  lr 0.00019
step 15625    1577s  loss 0.097  lr 0.00018
step 15650    1579s  loss 0.101  lr 0.00018
step 15675    1581s  loss 0.102  lr 0.00018
step 15700    1584s  loss 0.103  lr 0.00018
step 15725    1586s  loss 0.099  lr 0.00018
step 15750    1589s  loss 0.103  lr 0.00018
step 15775    1591s  loss 0.098  lr 0.00018
step 15800    1594s  loss 0.104  lr 0.00018
step 15825    1596s  loss 0.101  lr 0.00017
step 15850    1598s  loss 0.094  lr 0.00017
step 15875    1601s  loss 0.104  lr 0.00017
step 15900    1604s  loss 0.102  lr 0.00017
step 15925    1606s  loss 0.102  lr 0.00017
step 15950    1608s  loss 0.099  lr 0.00017
step 15975    1611s  loss 0.099  lr 0.00017
step 16000    1613s  loss 0.102  lr 0.00016
step 16025    1616s  loss 0.104  lr 0.00016
step 16050    1618s  loss 0.100  lr 0.00016
step 16075    1621s  loss 0.096  lr 0.00016
step 16100    1623s  loss 0.100  lr 0.00016
step 16125    1625s  loss 0.100  lr 0.00016
step 16150    1628s  loss 0.099  lr 0.00016
step 16175    1631s  loss 0.098  lr 0.00016
step 16200    1633s  loss 0.099  lr 0.00015
step 16225    1635s  loss 0.101  lr 0.00015
step 16250    1638s  loss 0.099  lr 0.00015
step 16275    1640s  loss 0.101  lr 0.00015
step 16300    1643s  loss 0.099  lr 0.00015
step 16325    1645s  loss 0.100  lr 0.00015
step 16350    1647s  loss 0.097  lr 0.00015
step 16375    1650s  loss 0.096  lr 0.00015
step 16400    1652s  loss 0.098  lr 0.00014
step 16425    1655s  loss 0.097  lr 0.00014
step 16450    1657s  loss 0.096  lr 0.00014
step 16475    1660s  loss 0.100  lr 0.00014
step 16500    1662s  loss 0.098  lr 0.00014
step 16525    1664s  loss 0.098  lr 0.00014
step 16550    1667s  loss 0.096  lr 0.00014
step 16575    1670s  loss 0.099  lr 0.00013
step 16600    1672s  loss 0.104  lr 0.00013
step 16625    1675s  loss 0.095  lr 0.00013
step 16650    1677s  loss 0.101  lr 0.00013
step 16675    1679s  loss 0.095  lr 0.00013
step 16700    1682s  loss 0.094  lr 0.00013
step 16725    1684s  loss 0.096  lr 0.00013
step 16750    1687s  loss 0.099  lr 0.00013
step 16775    1689s  loss 0.100  lr 0.00012
step 16800    1691s  loss 0.094  lr 0.00012
step 16825    1694s  loss 0.101  lr 0.00012
step 16850    1696s  loss 0.094  lr 0.00012
step 16875    1699s  loss 0.098  lr 0.00012
step 16900    1701s  loss 0.097  lr 0.00012
step 16925    1704s  loss 0.097  lr 0.00012
step 16950    1706s  loss 0.095  lr 0.00012
step 16975    1708s  loss 0.096  lr 0.00011
step 17000    1711s  loss 0.100  lr 0.00011
step 17025    1714s  loss 0.102  lr 0.00011
step 17050    1716s  loss 0.098  lr 0.00011
step 17075    1718s  loss 0.097  lr 0.00011
step 17100    1721s  loss 0.095  lr 0.00011
step 17125    1723s  loss 0.098  lr 0.00011
step 17150    1726s  loss 0.102  lr 0.00010
step 17175    1728s  loss 0.098  lr 0.00010
step 17200    1731s  loss 0.101  lr 0.00010
step 17225    1733s  loss 0.095  lr 0.00010
step 17250    1735s  loss 0.095  lr 0.00010
step 17275    1738s  loss 0.098  lr 0.00010
step 17300    1741s  loss 0.101  lr 0.00010
step 17325    1743s  loss 0.099  lr 0.00010
step 17350    1745s  loss 0.098  lr 0.00009
step 17375    1748s  loss 0.096  lr 0.00009
step 17400    1750s  loss 0.097  lr 0.00009
step 17425    1753s  loss 0.100  lr 0.00009
step 17450    1755s  loss 0.099  lr 0.00009
step 17475    1758s  loss 0.095  lr 0.00009
step 17500    1760s  loss 0.097  lr 0.00009
step 17525    1762s  loss 0.102  lr 0.00009
step 17550    1765s  loss 0.096  lr 0.00008
step 17575    1767s  loss 0.098  lr 0.00008
step 17600    1770s  loss 0.098  lr 0.00008
step 17625    1772s  loss 0.101  lr 0.00008
step 17650    1774s  loss 0.096  lr 0.00008
step 17675    1777s  loss 0.096  lr 0.00008
step 17700    1779s  loss 0.097  lr 0.00008
step 17725    1782s  loss 0.099  lr 0.00007
step 17750    1784s  loss 0.096  lr 0.00007
step 17775    1787s  loss 0.097  lr 0.00007
step 17800    1789s  loss 0.094  lr 0.00007
step 17825    1791s  loss 0.098  lr 0.00007
step 17850    1794s  loss 0.101  lr 0.00007
step 17875    1797s  loss 0.103  lr 0.00007
step 17900    1799s  loss 0.101  lr 0.00007
step 17925    1801s  loss 0.097  lr 0.00006
step 17950    1804s  loss 0.100  lr 0.00006
step 17975    1806s  loss 0.094  lr 0.00006
step 18000    1809s  loss 0.095  lr 0.00006
step 18025    1811s  loss 0.095  lr 0.00006
step 18050    1814s  loss 0.098  lr 0.00006
step 18075    1816s  loss 0.101  lr 0.00006
step 18100    1818s  loss 0.098  lr 0.00006
step 18125    1821s  loss 0.095  lr 0.00005
step 18150    1824s  loss 0.095  lr 0.00005
step 18175    1826s  loss 0.091  lr 0.00005
step 18200    1828s  loss 0.097  lr 0.00005
step 18225    1831s  loss 0.095  lr 0.00005
step 18250    1833s  loss 0.100  lr 0.00005
step 18275    1836s  loss 0.100  lr 0.00005
step 18300    1838s  loss 0.098  lr 0.00005
step 18325    1841s  loss 0.097  lr 0.00005
step 18350    1843s  loss 0.099  lr 0.00005
step 18375    1845s  loss 0.098  lr 0.00005
step 18400    1848s  loss 0.094  lr 0.00005
step 18425    1850s  loss 0.096  lr 0.00005
step 18450    1853s  loss 0.098  lr 0.00005
step 18475    1855s  loss 0.101  lr 0.00005
step 18500    1858s  loss 0.096  lr 0.00005
step 18525    1860s  loss 0.098  lr 0.00005
step 18550    1863s  loss 0.099  lr 0.00005
step 18575    1865s  loss 0.100  lr 0.00005
step 18600    1867s  loss 0.101  lr 0.00005
step 18625    1870s  loss 0.093  lr 0.00005
step 18650    1872s  loss 0.096  lr 0.00005
step 18675    1874s  loss 0.097  lr 0.00005
step 18700    1877s  loss 0.099  lr 0.00005
step 18725    1880s  loss 0.093  lr 0.00005
step 18750    1882s  loss 0.097  lr 0.00005
step 18775    1884s  loss 0.096  lr 0.00005
step 18800    1887s  loss 0.094  lr 0.00005
step 18825    1889s  loss 0.094  lr 0.00005
step 18850    1892s  loss 0.099  lr 0.00005
step 18875    1894s  loss 0.098  lr 0.00005
step 18900    1896s  loss 0.095  lr 0.00005
step 18925    1899s  loss 0.091  lr 0.00005
step 18950    1901s  loss 0.102  lr 0.00005
step 18975    1904s  loss 0.096  lr 0.00005
step 19000    1906s  loss 0.099  lr 0.00005
step 19025    1909s  loss 0.092  lr 0.00005
step 19050    1911s  loss 0.094  lr 0.00005
step 19075    1913s  loss 0.098  lr 0.00005
step 19100    1916s  loss 0.096  lr 0.00005
step 19125    1919s  loss 0.096  lr 0.00005
step 19150    1921s  loss 0.096  lr 0.00005
saved checkpoints/range_unet_semantickitti.pt (19160 steps, 1922s)
val mIoU 0.603  moving IoU 0.3594316609775464
  0–10 m    mIoU 0.648008136352527
  10–25 m   mIoU 0.5642576047532138
  25–50 m   mIoU 0.42102410858978956
  50–100 m  mIoU 0.19360344426181905
  road                   IoU 0.8869  recall 0.93  points 15633640  confused with: sidewalk 4%, parking 2%
  sidewalk               IoU 0.7227  recall 0.8498  points 10406546  confused with: terrain 5%, road 4%
  parking                IoU 0.2906  recall 0.4176  points  1261586  confused with: sidewalk 27%, road 22%
  terrain                IoU 0.6603  recall 0.7614  points  9633081  confused with: vegetation 13%, sidewalk 6%
  vegetation             IoU 0.7948  recall 0.9018  points 28938772  confused with: building 4%, terrain 2%
  building               IoU 0.6717  recall 0.7625  points 13265325  confused with: vegetation 17%, vehicle 3%
  pole                   IoU 0.2561  recall 0.7139  points   356799  confused with: vegetation 17%, building 6%
  vehicle                IoU 0.8062  recall 0.9443  points  6768387  confused with: building 3%, vegetation 1%
  person                 IoU 0.3396  recall 0.6257  points   131027  confused with: vegetation 15%, building 12%
